Nov 22 00:00:16 NativeCode kernel: [ 3829.718233] audit: type=1400 audit(1669068016.601:108): apparmor="DENIED" operation="capable" profile="/usr/sbin/cups-browsed" pid=9927 comm="cups-browsed" capability=23  capname="sys_nice"
Nov 22 00:10:38 NativeCode kernel: [ 4451.967220] rfkill: input handler enabled
Nov 22 17:38:55 NativeCode kernel: [    0.000000] microcode: microcode updated early to revision 0xa4, date = 2022-02-01
Nov 22 17:38:55 NativeCode kernel: [    0.000000] Linux version 5.15.0-52-generic (buildd@lcy02-amd64-032) (gcc (Ubuntu 11.2.0-19ubuntu1) 11.2.0, GNU ld (GNU Binutils for Ubuntu) 2.38) #58-Ubuntu SMP Thu Oct 13 08:03:55 UTC 2022 (Ubuntu 5.15.0-52.58-generic 5.15.60)
Nov 22 17:38:55 NativeCode kernel: [    0.000000] Command line: BOOT_IMAGE=/boot/vmlinuz-5.15.0-52-generic root=UUID=978c4f97-5491-4a39-a189-7e31cc4e64ab ro quiet splash vt.handoff=7
Nov 22 17:38:55 NativeCode kernel: [    0.000000] KERNEL supported cpus:
Nov 22 17:38:55 NativeCode kernel: [    0.000000]   Intel GenuineIntel
Nov 22 17:38:55 NativeCode kernel: [    0.000000]   AMD AuthenticAMD
Nov 22 17:38:55 NativeCode kernel: [    0.000000]   Hygon HygonGenuine
Nov 22 17:38:55 NativeCode kernel: [    0.000000]   Centaur CentaurHauls
Nov 22 17:38:55 NativeCode kernel: [    0.000000]   zhaoxin   Shanghai  
Nov 22 17:38:55 NativeCode kernel: [    0.000000] x86/split lock detection: #AC: crashing the kernel on kernel split_locks and warning on user-space split_locks
Nov 22 17:38:55 NativeCode kernel: [    0.000000] x86/fpu: Supporting XSAVE feature 0x001: 'x87 floating point registers'
Nov 22 17:38:55 NativeCode kernel: [    0.000000] x86/fpu: Supporting XSAVE feature 0x002: 'SSE registers'
Nov 22 17:38:55 NativeCode kernel: [    0.000000] x86/fpu: Supporting XSAVE feature 0x004: 'AVX registers'
Nov 22 17:38:55 NativeCode kernel: [    0.000000] x86/fpu: Supporting XSAVE feature 0x020: 'AVX-512 opmask'
Nov 22 17:38:55 NativeCode kernel: [    0.000000] x86/fpu: Supporting XSAVE feature 0x040: 'AVX-512 Hi256'
Nov 22 17:38:55 NativeCode kernel: [    0.000000] x86/fpu: Supporting XSAVE feature 0x080: 'AVX-512 ZMM_Hi256'
Nov 22 17:38:55 NativeCode kernel: [    0.000000] x86/fpu: Supporting XSAVE feature 0x200: 'Protection Keys User registers'
Nov 22 17:38:55 NativeCode kernel: [    0.000000] x86/fpu: xstate_offset[2]:  576, xstate_sizes[2]:  256
Nov 22 17:38:55 NativeCode kernel: [    0.000000] x86/fpu: xstate_offset[5]:  832, xstate_sizes[5]:   64
Nov 22 17:38:55 NativeCode kernel: [    0.000000] x86/fpu: xstate_offset[6]:  896, xstate_sizes[6]:  512
Nov 22 17:38:55 NativeCode kernel: [    0.000000] x86/fpu: xstate_offset[7]: 1408, xstate_sizes[7]: 1024
Nov 22 17:38:55 NativeCode kernel: [    0.000000] x86/fpu: xstate_offset[9]: 2432, xstate_sizes[9]:    8
Nov 22 17:38:55 NativeCode kernel: [    0.000000] x86/fpu: Enabled xstate features 0x2e7, context size is 2440 bytes, using 'compacted' format.
Nov 22 17:38:55 NativeCode kernel: [    0.000000] signal: max sigframe size: 3632
Nov 22 17:38:55 NativeCode kernel: [    0.000000] BIOS-provided physical RAM map:
Nov 22 17:38:55 NativeCode kernel: [    0.000000] BIOS-e820: [mem 0x0000000000000000-0x000000000009efff] usable
Nov 22 17:38:55 NativeCode kernel: [    0.000000] BIOS-e820: [mem 0x000000000009f000-0x00000000000fffff] reserved
Nov 22 17:38:55 NativeCode kernel: [    0.000000] BIOS-e820: [mem 0x0000000000100000-0x000000005f32afff] usable
Nov 22 17:38:55 NativeCode kernel: [    0.000000] BIOS-e820: [mem 0x000000005f32b000-0x0000000063110fff] reserved
Nov 22 17:38:55 NativeCode kernel: [    0.000000] BIOS-e820: [mem 0x0000000063111000-0x0000000063971fff] ACPI NVS
Nov 22 17:38:55 NativeCode kernel: [    0.000000] BIOS-e820: [mem 0x0000000063972000-0x0000000063bfefff] ACPI data
Nov 22 17:38:55 NativeCode kernel: [    0.000000] BIOS-e820: [mem 0x0000000063bff000-0x0000000063bfffff] usable
Nov 22 17:38:55 NativeCode kernel: [    0.000000] BIOS-e820: [mem 0x0000000063c00000-0x0000000067ffffff] reserved
Nov 22 17:38:55 NativeCode kernel: [    0.000000] BIOS-e820: [mem 0x0000000068600000-0x00000000687fffff] reserved
Nov 22 17:38:55 NativeCode kernel: [    0.000000] BIOS-e820: [mem 0x0000000069000000-0x00000000707fffff] reserved
Nov 22 17:38:55 NativeCode kernel: [    0.000000] BIOS-e820: [mem 0x00000000c0000000-0x00000000cfffffff] reserved
Nov 22 17:38:55 NativeCode kernel: [    0.000000] BIOS-e820: [mem 0x00000000fed20000-0x00000000fed7ffff] reserved
Nov 22 17:38:55 NativeCode kernel: [    0.000000] BIOS-e820: [mem 0x00000000ff000000-0x00000000ffffffff] reserved
Nov 22 17:38:55 NativeCode kernel: [    0.000000] BIOS-e820: [mem 0x0000000100000000-0x000000048f7fffff] usable
Nov 22 17:38:55 NativeCode kernel: [    0.000000] NX (Execute Disable) protection: active
Nov 22 17:38:55 NativeCode kernel: [    0.000000] e820: update [mem 0x5a7d1018-0x5a7fd857] usable ==> usable
Nov 22 17:38:55 NativeCode kernel: [    0.000000] e820: update [mem 0x5a7d1018-0x5a7fd857] usable ==> usable
Nov 22 17:38:55 NativeCode kernel: [    0.000000] extended physical RAM map:
Nov 22 17:38:55 NativeCode kernel: [    0.000000] reserve setup_data: [mem 0x0000000000000000-0x000000000009efff] usable
Nov 22 17:38:55 NativeCode kernel: [    0.000000] reserve setup_data: [mem 0x000000000009f000-0x00000000000fffff] reserved
Nov 22 17:38:55 NativeCode kernel: [    0.000000] reserve setup_data: [mem 0x0000000000100000-0x000000005a7d1017] usable
Nov 22 17:38:55 NativeCode kernel: [    0.000000] reserve setup_data: [mem 0x000000005a7d1018-0x000000005a7fd857] usable
Nov 22 17:38:55 NativeCode kernel: [    0.000000] reserve setup_data: [mem 0x000000005a7fd858-0x000000005f32afff] usable
Nov 22 17:38:55 NativeCode kernel: [    0.000000] reserve setup_data: [mem 0x000000005f32b000-0x0000000063110fff] reserved
Nov 22 17:38:55 NativeCode kernel: [    0.000000] reserve setup_data: [mem 0x0000000063111000-0x0000000063971fff] ACPI NVS
Nov 22 17:38:55 NativeCode kernel: [    0.000000] reserve setup_data: [mem 0x0000000063972000-0x0000000063bfefff] ACPI data
Nov 22 17:38:55 NativeCode kernel: [    0.000000] reserve setup_data: [mem 0x0000000063bff000-0x0000000063bfffff] usable
Nov 22 17:38:55 NativeCode kernel: [    0.000000] reserve setup_data: [mem 0x0000000063c00000-0x0000000067ffffff] reserved
Nov 22 17:38:55 NativeCode kernel: [    0.000000] reserve setup_data: [mem 0x0000000068600000-0x00000000687fffff] reserved
Nov 22 17:38:55 NativeCode kernel: [    0.000000] reserve setup_data: [mem 0x0000000069000000-0x00000000707fffff] reserved
Nov 22 17:38:55 NativeCode kernel: [    0.000000] reserve setup_data: [mem 0x00000000c0000000-0x00000000cfffffff] reserved
Nov 22 17:38:55 NativeCode kernel: [    0.000000] reserve setup_data: [mem 0x00000000fed20000-0x00000000fed7ffff] reserved
Nov 22 17:38:55 NativeCode kernel: [    0.000000] reserve setup_data: [mem 0x00000000ff000000-0x00000000ffffffff] reserved
Nov 22 17:38:55 NativeCode kernel: [    0.000000] reserve setup_data: [mem 0x0000000100000000-0x000000048f7fffff] usable
Nov 22 17:38:55 NativeCode kernel: [    0.000000] efi: EFI v2.70 by Dell
Nov 22 17:38:55 NativeCode kernel: [    0.000000] efi: ACPI=0x63bfe000 ACPI 2.0=0x63bfe014 TPMFinalLog=0x63917000 SMBIOS=0x5f944000 MEMATTR=0x5a80a018 MOKvar=0x5a83a000 RNG=0x5f8ecc98 TPMEventLog=0x5a7fe018 
Nov 22 17:38:55 NativeCode kernel: [    0.000000] efi: seeding entropy pool
Nov 22 17:38:55 NativeCode kernel: [    0.000000] random: crng init done
Nov 22 17:38:55 NativeCode kernel: [    0.000000] secureboot: Secure boot enabled
Nov 22 17:38:55 NativeCode kernel: [    0.000000] Kernel is locked down from EFI Secure Boot mode; see man kernel_lockdown.7
Nov 22 17:38:55 NativeCode kernel: [    0.000000] SMBIOS 3.2 present.
Nov 22 17:38:55 NativeCode kernel: [    0.000000] DMI: Dell Inc. Vostro 3500/0NX5H3, BIOS 1.9.0 10/08/2021
Nov 22 17:38:55 NativeCode kernel: [    0.000000] tsc: Detected 2800.000 MHz processor
Nov 22 17:38:55 NativeCode kernel: [    0.000000] tsc: Detected 2803.200 MHz TSC
Nov 22 17:38:55 NativeCode kernel: [    0.000005] e820: update [mem 0x00000000-0x00000fff] usable ==> reserved
Nov 22 17:38:55 NativeCode kernel: [    0.000007] e820: remove [mem 0x000a0000-0x000fffff] usable
Nov 22 17:38:55 NativeCode kernel: [    0.000012] last_pfn = 0x48f800 max_arch_pfn = 0x400000000
Nov 22 17:38:55 NativeCode kernel: [    0.000183] x86/PAT: Configuration [0-7]: WB  WC  UC- UC  WB  WP  UC- WT  
Nov 22 17:38:55 NativeCode kernel: [    0.001075] last_pfn = 0x63c00 max_arch_pfn = 0x400000000
Nov 22 17:38:55 NativeCode kernel: [    0.008452] e820: update [mem 0x5a83a000-0x5a83afff] usable ==> reserved
Nov 22 17:38:55 NativeCode kernel: [    0.008470] Using GB pages for direct mapping
Nov 22 17:38:55 NativeCode kernel: [    0.008681] secureboot: Secure boot enabled
Nov 22 17:38:55 NativeCode kernel: [    0.008682] RAMDISK: [mem 0x24607000-0x28268fff]
Nov 22 17:38:55 NativeCode kernel: [    0.008686] ACPI: Early table checksum verification disabled
Nov 22 17:38:55 NativeCode kernel: [    0.008688] ACPI: RSDP 0x0000000063BFE014 000024 (v02 DELL  )
Nov 22 17:38:55 NativeCode kernel: [    0.008691] ACPI: XSDT 0x0000000063B87188 0000FC (v01 DELL   Dell Inc 00000002      01000013)
Nov 22 17:38:55 NativeCode kernel: [    0.008695] ACPI: FACP 0x0000000063BF5000 000114 (v06 DELL   Dell Inc 00000002      01000013)
Nov 22 17:38:55 NativeCode kernel: [    0.008699] ACPI: DSDT 0x0000000063B99000 058F71 (v02 DELL   Dell Inc 00000002      01000013)
Nov 22 17:38:55 NativeCode kernel: [    0.008701] ACPI: FACS 0x0000000063903000 000040
Nov 22 17:38:55 NativeCode kernel: [    0.008703] ACPI: SSDT 0x0000000063BFA000 0025CF (v02 CpuRef CpuSsdt  00003000 INTL 20191018)
Nov 22 17:38:55 NativeCode kernel: [    0.008705] ACPI: SSDT 0x0000000063BF6000 003ED3 (v02 DptfTb DptfTabl 00001000 INTL 20191018)
Nov 22 17:38:55 NativeCode kernel: [    0.008707] ACPI: HPET 0x0000000063BF4000 000038 (v01 DELL   Dell Inc 00000002      01000013)
Nov 22 17:38:55 NativeCode kernel: [    0.008709] ACPI: APIC 0x0000000063BF3000 00012C (v04 DELL   Dell Inc 00000002      01000013)
Nov 22 17:38:55 NativeCode kernel: [    0.008711] ACPI: MCFG 0x0000000063BF2000 00003C (v01 DELL   Dell Inc 00000002      01000013)
Nov 22 17:38:55 NativeCode kernel: [    0.008713] ACPI: SSDT 0x0000000063B98000 0009D1 (v02 DELL   DellRtd3 00001000 INTL 20191018)
Nov 22 17:38:55 NativeCode kernel: [    0.008715] ACPI: NHLT 0x0000000063B97000 000F42 (v00 DELL   Dell Inc 00000002      01000013)
Nov 22 17:38:55 NativeCode kernel: [    0.008717] ACPI: SSDT 0x0000000063B95000 001811 (v02 SaSsdt SaSsdt   00003000 INTL 20191018)
Nov 22 17:38:55 NativeCode kernel: [    0.008719] ACPI: SSDT 0x0000000063B93000 0012AA (v02 INTEL  IgfxSsdt 00003000 INTL 20191018)
Nov 22 17:38:55 NativeCode kernel: [    0.008721] ACPI: SSDT 0x0000000063B92000 000CD2 (v02 DELL   UsbCTabl 00001000 INTL 20191018)
Nov 22 17:38:55 NativeCode kernel: [    0.008723] ACPI: LPIT 0x0000000063B91000 0000CC (v01 DELL   Dell Inc 00000002      01000013)
Nov 22 17:38:55 NativeCode kernel: [    0.008725] ACPI: SSDT 0x0000000063B90000 000B75 (v02 DELL   PtidDevc 00001000 INTL 20191018)
Nov 22 17:38:55 NativeCode kernel: [    0.008727] ACPI: SSDT 0x0000000063B8F000 00012A (v02 DELL   TbtTypeC 00000000 INTL 20191018)
Nov 22 17:38:55 NativeCode kernel: [    0.008729] ACPI: DBGP 0x0000000063B8E000 000034 (v01 DELL   Dell Inc 00000002      01000013)
Nov 22 17:38:55 NativeCode kernel: [    0.008731] ACPI: DBG2 0x0000000063B8D000 000054 (v00 DELL   Dell Inc 00000002      01000013)
Nov 22 17:38:55 NativeCode kernel: [    0.008733] ACPI: SSDT 0x0000000063B8C000 00060E (v02 DELL   Tpm2Tabl 00001000 INTL 20191018)
Nov 22 17:38:55 NativeCode kernel: [    0.008735] ACPI: TPM2 0x0000000063B8B000 00004C (v04 DELL   Dell Inc 00000002      01000013)
Nov 22 17:38:55 NativeCode kernel: [    0.008737] ACPI: SLIC 0x0000000063B8A000 000176 (v03 DELL   CBX3     06222004 MSFT 00010013)
Nov 22 17:38:55 NativeCode kernel: [    0.008739] ACPI: BOOT 0x0000000063B89000 000028 (v01 DELL   CBX3     00000002      01000013)
Nov 22 17:38:55 NativeCode kernel: [    0.008741] ACPI: DMAR 0x0000000063B88000 000088 (v02 INTEL  Dell Inc 00000002      01000013)
Nov 22 17:38:55 NativeCode kernel: [    0.008743] ACPI: SSDT 0x0000000063B83000 003ED1 (v01 DELL   NvdTable 00001000 INTL 20191018)
Nov 22 17:38:55 NativeCode kernel: [    0.008745] ACPI: SSDT 0x0000000063BFD000 00089C (v02 DELL   xh_Dell_ 00000000 INTL 20191018)
Nov 22 17:38:55 NativeCode kernel: [    0.008747] ACPI: SSDT 0x0000000063B82000 000144 (v02 Intel  ADebTabl 00001000 INTL 20191018)
Nov 22 17:38:55 NativeCode kernel: [    0.008749] ACPI: PTDT 0x0000000063B81000 000D8E (v00 DELL   Dell Inc 00000005 MSFT 0100000D)
Nov 22 17:38:55 NativeCode kernel: [    0.008751] ACPI: BGRT 0x0000000063B80000 000038 (v01 DELL   Dell Inc 00000002      01000013)
Nov 22 17:38:55 NativeCode kernel: [    0.008753] ACPI: FPDT 0x0000000063B7F000 000034 (v01 DELL   Dell Inc 00000002      01000013)
Nov 22 17:38:55 NativeCode kernel: [    0.008754] ACPI: Reserving FACP table memory at [mem 0x63bf5000-0x63bf5113]
Nov 22 17:38:55 NativeCode kernel: [    0.008755] ACPI: Reserving DSDT table memory at [mem 0x63b99000-0x63bf1f70]
Nov 22 17:38:55 NativeCode kernel: [    0.008756] ACPI: Reserving FACS table memory at [mem 0x63903000-0x6390303f]
Nov 22 17:38:55 NativeCode kernel: [    0.008757] ACPI: Reserving SSDT table memory at [mem 0x63bfa000-0x63bfc5ce]
Nov 22 17:38:55 NativeCode kernel: [    0.008757] ACPI: Reserving SSDT table memory at [mem 0x63bf6000-0x63bf9ed2]
Nov 22 17:38:55 NativeCode kernel: [    0.008758] ACPI: Reserving HPET table memory at [mem 0x63bf4000-0x63bf4037]
Nov 22 17:38:55 NativeCode kernel: [    0.008758] ACPI: Reserving APIC table memory at [mem 0x63bf3000-0x63bf312b]
Nov 22 17:38:55 NativeCode kernel: [    0.008759] ACPI: Reserving MCFG table memory at [mem 0x63bf2000-0x63bf203b]
Nov 22 17:38:55 NativeCode kernel: [    0.008760] ACPI: Reserving SSDT table memory at [mem 0x63b98000-0x63b989d0]
Nov 22 17:38:55 NativeCode kernel: [    0.008760] ACPI: Reserving NHLT table memory at [mem 0x63b97000-0x63b97f41]
Nov 22 17:38:55 NativeCode kernel: [    0.008761] ACPI: Reserving SSDT table memory at [mem 0x63b95000-0x63b96810]
Nov 22 17:38:55 NativeCode kernel: [    0.008761] ACPI: Reserving SSDT table memory at [mem 0x63b93000-0x63b942a9]
Nov 22 17:38:55 NativeCode kernel: [    0.008762] ACPI: Reserving SSDT table memory at [mem 0x63b92000-0x63b92cd1]
Nov 22 17:38:55 NativeCode kernel: [    0.008763] ACPI: Reserving LPIT table memory at [mem 0x63b91000-0x63b910cb]
Nov 22 17:38:55 NativeCode kernel: [    0.008763] ACPI: Reserving SSDT table memory at [mem 0x63b90000-0x63b90b74]
Nov 22 17:38:55 NativeCode kernel: [    0.008764] ACPI: Reserving SSDT table memory at [mem 0x63b8f000-0x63b8f129]
Nov 22 17:38:55 NativeCode kernel: [    0.008764] ACPI: Reserving DBGP table memory at [mem 0x63b8e000-0x63b8e033]
Nov 22 17:38:55 NativeCode kernel: [    0.008765] ACPI: Reserving DBG2 table memory at [mem 0x63b8d000-0x63b8d053]
Nov 22 17:38:55 NativeCode kernel: [    0.008765] ACPI: Reserving SSDT table memory at [mem 0x63b8c000-0x63b8c60d]
Nov 22 17:38:55 NativeCode kernel: [    0.008766] ACPI: Reserving TPM2 table memory at [mem 0x63b8b000-0x63b8b04b]
Nov 22 17:38:55 NativeCode kernel: [    0.008767] ACPI: Reserving SLIC table memory at [mem 0x63b8a000-0x63b8a175]
Nov 22 17:38:55 NativeCode kernel: [    0.008767] ACPI: Reserving BOOT table memory at [mem 0x63b89000-0x63b89027]
Nov 22 17:38:55 NativeCode kernel: [    0.008768] ACPI: Reserving DMAR table memory at [mem 0x63b88000-0x63b88087]
Nov 22 17:38:55 NativeCode kernel: [    0.008768] ACPI: Reserving SSDT table memory at [mem 0x63b83000-0x63b86ed0]
Nov 22 17:38:55 NativeCode kernel: [    0.008769] ACPI: Reserving SSDT table memory at [mem 0x63bfd000-0x63bfd89b]
Nov 22 17:38:55 NativeCode kernel: [    0.008770] ACPI: Reserving SSDT table memory at [mem 0x63b82000-0x63b82143]
Nov 22 17:38:55 NativeCode kernel: [    0.008770] ACPI: Reserving PTDT table memory at [mem 0x63b81000-0x63b81d8d]
Nov 22 17:38:55 NativeCode kernel: [    0.008771] ACPI: Reserving BGRT table memory at [mem 0x63b80000-0x63b80037]
Nov 22 17:38:55 NativeCode kernel: [    0.008771] ACPI: Reserving FPDT table memory at [mem 0x63b7f000-0x63b7f033]
Nov 22 17:38:55 NativeCode kernel: [    0.008965] No NUMA configuration found
Nov 22 17:38:55 NativeCode kernel: [    0.008965] Faking a node at [mem 0x0000000000000000-0x000000048f7fffff]
Nov 22 17:38:55 NativeCode kernel: [    0.008971] NODE_DATA(0) allocated [mem 0x48f7d6000-0x48f7fffff]
Nov 22 17:38:55 NativeCode kernel: [    0.009119] Zone ranges:
Nov 22 17:38:55 NativeCode kernel: [    0.009120]   DMA      [mem 0x0000000000001000-0x0000000000ffffff]
Nov 22 17:38:55 NativeCode kernel: [    0.009121]   DMA32    [mem 0x0000000001000000-0x00000000ffffffff]
Nov 22 17:38:55 NativeCode kernel: [    0.009122]   Normal   [mem 0x0000000100000000-0x000000048f7fffff]
Nov 22 17:38:55 NativeCode kernel: [    0.009123]   Device   empty
Nov 22 17:38:55 NativeCode kernel: [    0.009124] Movable zone start for each node
Nov 22 17:38:55 NativeCode kernel: [    0.009125] Early memory node ranges
Nov 22 17:38:55 NativeCode kernel: [    0.009125]   node   0: [mem 0x0000000000001000-0x000000000009efff]
Nov 22 17:38:55 NativeCode kernel: [    0.009126]   node   0: [mem 0x0000000000100000-0x000000005f32afff]
Nov 22 17:38:55 NativeCode kernel: [    0.009126]   node   0: [mem 0x0000000063bff000-0x0000000063bfffff]
Nov 22 17:38:55 NativeCode kernel: [    0.009127]   node   0: [mem 0x0000000100000000-0x000000048f7fffff]
Nov 22 17:38:55 NativeCode kernel: [    0.009128] Initmem setup node 0 [mem 0x0000000000001000-0x000000048f7fffff]
Nov 22 17:38:55 NativeCode kernel: [    0.009132] On node 0, zone DMA: 1 pages in unavailable ranges
Nov 22 17:38:55 NativeCode kernel: [    0.009152] On node 0, zone DMA: 97 pages in unavailable ranges
Nov 22 17:38:55 NativeCode kernel: [    0.011373] On node 0, zone DMA32: 18644 pages in unavailable ranges
Nov 22 17:38:55 NativeCode kernel: [    0.032269] On node 0, zone Normal: 17408 pages in unavailable ranges
Nov 22 17:38:55 NativeCode kernel: [    0.032283] On node 0, zone Normal: 2048 pages in unavailable ranges
Nov 22 17:38:55 NativeCode kernel: [    0.032305] Reserving Intel graphics memory at [mem 0x6c800000-0x707fffff]
Nov 22 17:38:55 NativeCode kernel: [    0.032675] ACPI: PM-Timer IO Port: 0x1808
Nov 22 17:38:55 NativeCode kernel: [    0.032680] ACPI: LAPIC_NMI (acpi_id[0x01] high edge lint[0x1])
Nov 22 17:38:55 NativeCode kernel: [    0.032681] ACPI: LAPIC_NMI (acpi_id[0x02] high edge lint[0x1])
Nov 22 17:38:55 NativeCode kernel: [    0.032681] ACPI: LAPIC_NMI (acpi_id[0x03] high edge lint[0x1])
Nov 22 17:38:55 NativeCode kernel: [    0.032682] ACPI: LAPIC_NMI (acpi_id[0x04] high edge lint[0x1])
Nov 22 17:38:55 NativeCode kernel: [    0.032682] ACPI: LAPIC_NMI (acpi_id[0x05] high edge lint[0x1])
Nov 22 17:38:55 NativeCode kernel: [    0.032683] ACPI: LAPIC_NMI (acpi_id[0x06] high edge lint[0x1])
Nov 22 17:38:55 NativeCode kernel: [    0.032683] ACPI: LAPIC_NMI (acpi_id[0x07] high edge lint[0x1])
Nov 22 17:38:55 NativeCode kernel: [    0.032683] ACPI: LAPIC_NMI (acpi_id[0x08] high edge lint[0x1])
Nov 22 17:38:55 NativeCode kernel: [    0.032684] ACPI: LAPIC_NMI (acpi_id[0x09] high edge lint[0x1])
Nov 22 17:38:55 NativeCode kernel: [    0.032684] ACPI: LAPIC_NMI (acpi_id[0x0a] high edge lint[0x1])
Nov 22 17:38:55 NativeCode kernel: [    0.032685] ACPI: LAPIC_NMI (acpi_id[0x0b] high edge lint[0x1])
Nov 22 17:38:55 NativeCode kernel: [    0.032685] ACPI: LAPIC_NMI (acpi_id[0x0c] high edge lint[0x1])
Nov 22 17:38:55 NativeCode kernel: [    0.032685] ACPI: LAPIC_NMI (acpi_id[0x0d] high edge lint[0x1])
Nov 22 17:38:55 NativeCode kernel: [    0.032686] ACPI: LAPIC_NMI (acpi_id[0x0e] high edge lint[0x1])
Nov 22 17:38:55 NativeCode kernel: [    0.032686] ACPI: LAPIC_NMI (acpi_id[0x0f] high edge lint[0x1])
Nov 22 17:38:55 NativeCode kernel: [    0.032687] ACPI: LAPIC_NMI (acpi_id[0x10] high edge lint[0x1])
Nov 22 17:38:55 NativeCode kernel: [    0.032721] IOAPIC[0]: apic_id 2, version 32, address 0xfec00000, GSI 0-119
Nov 22 17:38:55 NativeCode kernel: [    0.032724] ACPI: INT_SRC_OVR (bus 0 bus_irq 0 global_irq 2 dfl dfl)
Nov 22 17:38:55 NativeCode kernel: [    0.032726] ACPI: INT_SRC_OVR (bus 0 bus_irq 9 global_irq 9 high level)
Nov 22 17:38:55 NativeCode kernel: [    0.032728] ACPI: Using ACPI (MADT) for SMP configuration information
Nov 22 17:38:55 NativeCode kernel: [    0.032729] ACPI: HPET id: 0x8086a201 base: 0xfed00000
Nov 22 17:38:55 NativeCode kernel: [    0.032735] e820: update [mem 0x5a843000-0x5a8cbfff] usable ==> reserved
Nov 22 17:38:55 NativeCode kernel: [    0.032743] TSC deadline timer available
Nov 22 17:38:55 NativeCode kernel: [    0.032743] smpboot: Allowing 8 CPUs, 0 hotplug CPUs
Nov 22 17:38:55 NativeCode kernel: [    0.032753] PM: hibernation: Registered nosave memory: [mem 0x00000000-0x00000fff]
Nov 22 17:38:55 NativeCode kernel: [    0.032754] PM: hibernation: Registered nosave memory: [mem 0x0009f000-0x000fffff]
Nov 22 17:38:55 NativeCode kernel: [    0.032756] PM: hibernation: Registered nosave memory: [mem 0x5a7d1000-0x5a7d1fff]
Nov 22 17:38:55 NativeCode kernel: [    0.032757] PM: hibernation: Registered nosave memory: [mem 0x5a7fd000-0x5a7fdfff]
Nov 22 17:38:55 NativeCode kernel: [    0.032758] PM: hibernation: Registered nosave memory: [mem 0x5a83a000-0x5a83afff]
Nov 22 17:38:55 NativeCode kernel: [    0.032759] PM: hibernation: Registered nosave memory: [mem 0x5a843000-0x5a8cbfff]
Nov 22 17:38:55 NativeCode kernel: [    0.032760] PM: hibernation: Registered nosave memory: [mem 0x5f32b000-0x63110fff]
Nov 22 17:38:55 NativeCode kernel: [    0.032760] PM: hibernation: Registered nosave memory: [mem 0x63111000-0x63971fff]
Nov 22 17:38:55 NativeCode kernel: [    0.032760] PM: hibernation: Registered nosave memory: [mem 0x63972000-0x63bfefff]
Nov 22 17:38:55 NativeCode kernel: [    0.032761] PM: hibernation: Registered nosave memory: [mem 0x63c00000-0x67ffffff]
Nov 22 17:38:55 NativeCode kernel: [    0.032762] PM: hibernation: Registered nosave memory: [mem 0x68000000-0x685fffff]
Nov 22 17:38:55 NativeCode kernel: [    0.032762] PM: hibernation: Registered nosave memory: [mem 0x68600000-0x687fffff]
Nov 22 17:38:55 NativeCode kernel: [    0.032763] PM: hibernation: Registered nosave memory: [mem 0x68800000-0x68ffffff]
Nov 22 17:38:55 NativeCode kernel: [    0.032763] PM: hibernation: Registered nosave memory: [mem 0x69000000-0x707fffff]
Nov 22 17:38:55 NativeCode kernel: [    0.032764] PM: hibernation: Registered nosave memory: [mem 0x70800000-0xbfffffff]
Nov 22 17:38:55 NativeCode kernel: [    0.032764] PM: hibernation: Registered nosave memory: [mem 0xc0000000-0xcfffffff]
Nov 22 17:38:55 NativeCode kernel: [    0.032764] PM: hibernation: Registered nosave memory: [mem 0xd0000000-0xfed1ffff]
Nov 22 17:38:55 NativeCode kernel: [    0.032765] PM: hibernation: Registered nosave memory: [mem 0xfed20000-0xfed7ffff]
Nov 22 17:38:55 NativeCode kernel: [    0.032765] PM: hibernation: Registered nosave memory: [mem 0xfed80000-0xfeffffff]
Nov 22 17:38:55 NativeCode kernel: [    0.032766] PM: hibernation: Registered nosave memory: [mem 0xff000000-0xffffffff]
Nov 22 17:38:55 NativeCode kernel: [    0.032767] [mem 0x70800000-0xbfffffff] available for PCI devices
Nov 22 17:38:55 NativeCode kernel: [    0.032768] Booting paravirtualized kernel on bare hardware
Nov 22 17:38:55 NativeCode kernel: [    0.032770] clocksource: refined-jiffies: mask: 0xffffffff max_cycles: 0xffffffff, max_idle_ns: 7645519600211568 ns
Nov 22 17:38:55 NativeCode kernel: [    0.032775] setup_percpu: NR_CPUS:8192 nr_cpumask_bits:8 nr_cpu_ids:8 nr_node_ids:1
Nov 22 17:38:55 NativeCode kernel: [    0.032917] percpu: Embedded 60 pages/cpu s208896 r8192 d28672 u262144
Nov 22 17:38:55 NativeCode kernel: [    0.032922] pcpu-alloc: s208896 r8192 d28672 u262144 alloc=1*2097152
Nov 22 17:38:55 NativeCode kernel: [    0.032924] pcpu-alloc: [0] 0 1 2 3 4 5 6 7 
Nov 22 17:38:55 NativeCode kernel: [    0.032942] Built 1 zonelists, mobility grouping on.  Total pages: 4058751
Nov 22 17:38:55 NativeCode kernel: [    0.032943] Policy zone: Normal
Nov 22 17:38:55 NativeCode kernel: [    0.032944] Kernel command line: BOOT_IMAGE=/boot/vmlinuz-5.15.0-52-generic root=UUID=978c4f97-5491-4a39-a189-7e31cc4e64ab ro quiet splash vt.handoff=7
Nov 22 17:38:55 NativeCode kernel: [    0.032991] Unknown kernel command line parameters "splash BOOT_IMAGE=/boot/vmlinuz-5.15.0-52-generic", will be passed to user space.
Nov 22 17:38:55 NativeCode kernel: [    0.033396] Dentry cache hash table entries: 2097152 (order: 12, 16777216 bytes, linear)
Nov 22 17:38:55 NativeCode kernel: [    0.033632] Inode-cache hash table entries: 1048576 (order: 11, 8388608 bytes, linear)
Nov 22 17:38:55 NativeCode kernel: [    0.033701] mem auto-init: stack:off, heap alloc:on, heap free:off
Nov 22 17:38:55 NativeCode kernel: [    0.062402] Memory: 15922656K/16493352K available (16393K kernel code, 4378K rwdata, 10812K rodata, 3228K init, 6572K bss, 570436K reserved, 0K cma-reserved)
Nov 22 17:38:55 NativeCode kernel: [    0.062500] SLUB: HWalign=64, Order=0-3, MinObjects=0, CPUs=8, Nodes=1
Nov 22 17:38:55 NativeCode kernel: [    0.062510] ftrace: allocating 50499 entries in 198 pages
Nov 22 17:38:55 NativeCode kernel: [    0.078232] ftrace: allocated 198 pages with 4 groups
Nov 22 17:38:55 NativeCode kernel: [    0.078312] rcu: Hierarchical RCU implementation.
Nov 22 17:38:55 NativeCode kernel: [    0.078313] rcu: 	RCU restricting CPUs from NR_CPUS=8192 to nr_cpu_ids=8.
Nov 22 17:38:55 NativeCode kernel: [    0.078314] 	Rude variant of Tasks RCU enabled.
Nov 22 17:38:55 NativeCode kernel: [    0.078314] 	Tracing variant of Tasks RCU enabled.
Nov 22 17:38:55 NativeCode kernel: [    0.078315] rcu: RCU calculated value of scheduler-enlistment delay is 25 jiffies.
Nov 22 17:38:55 NativeCode kernel: [    0.078315] rcu: Adjusting geometry for rcu_fanout_leaf=16, nr_cpu_ids=8
Nov 22 17:38:55 NativeCode kernel: [    0.080560] NR_IRQS: 524544, nr_irqs: 2048, preallocated irqs: 16
Nov 22 17:38:55 NativeCode kernel: [    0.080998] Console: colour dummy device 80x25
Nov 22 17:38:55 NativeCode kernel: [    0.081006] printk: console [tty0] enabled
Nov 22 17:38:55 NativeCode kernel: [    0.081018] ACPI: Core revision 20210730
Nov 22 17:38:55 NativeCode kernel: [    0.081215] hpet: HPET dysfunctional in PC10. Force disabled.
Nov 22 17:38:55 NativeCode kernel: [    0.081216] APIC: Switch to symmetric I/O mode setup
Nov 22 17:38:55 NativeCode kernel: [    0.081218] DMAR: Host address width 39
Nov 22 17:38:55 NativeCode kernel: [    0.081218] DMAR: DRHD base: 0x000000fed90000 flags: 0x0
Nov 22 17:38:55 NativeCode kernel: [    0.081223] DMAR: dmar0: reg_base_addr fed90000 ver 4:0 cap 1c0000c40660462 ecap 69e2ff0505e
Nov 22 17:38:55 NativeCode kernel: [    0.081224] DMAR: DRHD base: 0x000000fed91000 flags: 0x1
Nov 22 17:38:55 NativeCode kernel: [    0.081227] DMAR: dmar1: reg_base_addr fed91000 ver 1:0 cap d2008c40660462 ecap f050da
Nov 22 17:38:55 NativeCode kernel: [    0.081231] DMAR: RMRR base: 0x0000006c000000 end: 0x000000707fffff
Nov 22 17:38:55 NativeCode kernel: [    0.081233] DMAR-IR: IOAPIC id 2 under DRHD base  0xfed91000 IOMMU 1
Nov 22 17:38:55 NativeCode kernel: [    0.081234] DMAR-IR: HPET id 0 under DRHD base 0xfed91000
Nov 22 17:38:55 NativeCode kernel: [    0.081235] DMAR-IR: Queued invalidation will be enabled to support x2apic and Intr-remapping.
Nov 22 17:38:55 NativeCode kernel: [    0.082899] DMAR-IR: Enabled IRQ remapping in x2apic mode
Nov 22 17:38:55 NativeCode kernel: [    0.082901] x2apic enabled
Nov 22 17:38:55 NativeCode kernel: [    0.082930] Switched APIC routing to cluster x2apic.
Nov 22 17:38:55 NativeCode kernel: [    0.087407] clocksource: tsc-early: mask: 0xffffffffffffffff max_cycles: 0x28680fa287f, max_idle_ns: 440795281151 ns
Nov 22 17:38:55 NativeCode kernel: [    0.087412] Calibrating delay loop (skipped), value calculated using timer frequency.. 5606.40 BogoMIPS (lpj=11212800)
Nov 22 17:38:55 NativeCode kernel: [    0.087415] pid_max: default: 32768 minimum: 301
Nov 22 17:38:55 NativeCode kernel: [    0.089452] LSM: Security Framework initializing
Nov 22 17:38:55 NativeCode kernel: [    0.089461] landlock: Up and running.
Nov 22 17:38:55 NativeCode kernel: [    0.089461] Yama: becoming mindful.
Nov 22 17:38:55 NativeCode kernel: [    0.089483] AppArmor: AppArmor initialized
Nov 22 17:38:55 NativeCode kernel: [    0.089524] Mount-cache hash table entries: 32768 (order: 6, 262144 bytes, linear)
Nov 22 17:38:55 NativeCode kernel: [    0.089549] Mountpoint-cache hash table entries: 32768 (order: 6, 262144 bytes, linear)
Nov 22 17:38:55 NativeCode kernel: [    0.089739] CPU0: Thermal monitoring enabled (TM1)
Nov 22 17:38:55 NativeCode kernel: [    0.089741] x86/cpu: User Mode Instruction Prevention (UMIP) activated
Nov 22 17:38:55 NativeCode kernel: [    0.089877] process: using mwait in idle threads
Nov 22 17:38:55 NativeCode kernel: [    0.089879] Last level iTLB entries: 4KB 0, 2MB 0, 4MB 0
Nov 22 17:38:55 NativeCode kernel: [    0.089879] Last level dTLB entries: 4KB 0, 2MB 0, 4MB 0, 1GB 0
Nov 22 17:38:55 NativeCode kernel: [    0.089882] Spectre V1 : Mitigation: usercopy/swapgs barriers and __user pointer sanitization
Nov 22 17:38:55 NativeCode kernel: [    0.089884] Spectre V2 : Mitigation: Enhanced IBRS
Nov 22 17:38:55 NativeCode kernel: [    0.089885] Spectre V2 : Spectre v2 / SpectreRSB mitigation: Filling RSB on context switch
Nov 22 17:38:55 NativeCode kernel: [    0.089885] Spectre V2 : Spectre v2 / PBRSB-eIBRS: Retire a single CALL on VMEXIT
Nov 22 17:38:55 NativeCode kernel: [    0.089886] Spectre V2 : mitigation: Enabling conditional Indirect Branch Prediction Barrier
Nov 22 17:38:55 NativeCode kernel: [    0.089887] Speculative Store Bypass: Mitigation: Speculative Store Bypass disabled via prctl and seccomp
Nov 22 17:38:55 NativeCode kernel: [    0.091410] Freeing SMP alternatives memory: 40K
Nov 22 17:38:55 NativeCode kernel: [    0.091410] smpboot: Estimated ratio of average max frequency by base frequency (times 1024): 1499
Nov 22 17:38:55 NativeCode kernel: [    0.091410] smpboot: CPU0: 11th Gen Intel(R) Core(TM) i7-1165G7 @ 2.80GHz (family: 0x6, model: 0x8c, stepping: 0x1)
Nov 22 17:38:55 NativeCode kernel: [    0.091410] Performance Events: PEBS fmt4+-baseline,  AnyThread deprecated, Icelake events, 32-deep LBR, full-width counters, Intel PMU driver.
Nov 22 17:38:55 NativeCode kernel: [    0.091410] ... version:                5
Nov 22 17:38:55 NativeCode kernel: [    0.091410] ... bit width:              48
Nov 22 17:38:55 NativeCode kernel: [    0.091410] ... generic registers:      8
Nov 22 17:38:55 NativeCode kernel: [    0.091410] ... value mask:             0000ffffffffffff
Nov 22 17:38:55 NativeCode kernel: [    0.091410] ... max period:             00007fffffffffff
Nov 22 17:38:55 NativeCode kernel: [    0.091410] ... fixed-purpose events:   4
Nov 22 17:38:55 NativeCode kernel: [    0.091410] ... event mask:             0001000f000000ff
Nov 22 17:38:55 NativeCode kernel: [    0.091410] rcu: Hierarchical SRCU implementation.
Nov 22 17:38:55 NativeCode kernel: [    0.091410] NMI watchdog: Enabled. Permanently consumes one hw-PMU counter.
Nov 22 17:38:55 NativeCode kernel: [    0.091410] smp: Bringing up secondary CPUs ...
Nov 22 17:38:55 NativeCode kernel: [    0.091410] x86: Booting SMP configuration:
Nov 22 17:38:55 NativeCode kernel: [    0.091410] .... node  #0, CPUs:      #1 #2 #3 #4 #5 #6 #7
Nov 22 17:38:55 NativeCode kernel: [    0.099877] smp: Brought up 1 node, 8 CPUs
Nov 22 17:38:55 NativeCode kernel: [    0.099877] smpboot: Max logical packages: 1
Nov 22 17:38:55 NativeCode kernel: [    0.099877] smpboot: Total of 8 processors activated (44851.20 BogoMIPS)
Nov 22 17:38:55 NativeCode kernel: [    0.103963] devtmpfs: initialized
Nov 22 17:38:55 NativeCode kernel: [    0.103963] x86/mm: Memory block size: 128MB
Nov 22 17:38:55 NativeCode kernel: [    0.104040] ACPI: PM: Registering ACPI NVS region [mem 0x63111000-0x63971fff] (8785920 bytes)
Nov 22 17:38:55 NativeCode kernel: [    0.104040] clocksource: jiffies: mask: 0xffffffff max_cycles: 0xffffffff, max_idle_ns: 7645041785100000 ns
Nov 22 17:38:55 NativeCode kernel: [    0.104040] futex hash table entries: 2048 (order: 5, 131072 bytes, linear)
Nov 22 17:38:55 NativeCode kernel: [    0.104040] pinctrl core: initialized pinctrl subsystem
Nov 22 17:38:55 NativeCode kernel: [    0.104040] PM: RTC time: 15:38:51, date: 2022-11-22
Nov 22 17:38:55 NativeCode kernel: [    0.104040] NET: Registered PF_NETLINK/PF_ROUTE protocol family
Nov 22 17:38:55 NativeCode kernel: [    0.104053] DMA: preallocated 2048 KiB GFP_KERNEL pool for atomic allocations
Nov 22 17:38:55 NativeCode kernel: [    0.104154] DMA: preallocated 2048 KiB GFP_KERNEL|GFP_DMA pool for atomic allocations
Nov 22 17:38:55 NativeCode kernel: [    0.104255] DMA: preallocated 2048 KiB GFP_KERNEL|GFP_DMA32 pool for atomic allocations
Nov 22 17:38:55 NativeCode kernel: [    0.104259] audit: initializing netlink subsys (disabled)
Nov 22 17:38:55 NativeCode kernel: [    0.104263] audit: type=2000 audit(1669131531.016:1): state=initialized audit_enabled=0 res=1
Nov 22 17:38:55 NativeCode kernel: [    0.104263] thermal_sys: Registered thermal governor 'fair_share'
Nov 22 17:38:55 NativeCode kernel: [    0.104263] thermal_sys: Registered thermal governor 'bang_bang'
Nov 22 17:38:55 NativeCode kernel: [    0.104263] thermal_sys: Registered thermal governor 'step_wise'
Nov 22 17:38:55 NativeCode kernel: [    0.104263] thermal_sys: Registered thermal governor 'user_space'
Nov 22 17:38:55 NativeCode kernel: [    0.104263] thermal_sys: Registered thermal governor 'power_allocator'
Nov 22 17:38:55 NativeCode kernel: [    0.104263] EISA bus registered
Nov 22 17:38:55 NativeCode kernel: [    0.104263] cpuidle: using governor ladder
Nov 22 17:38:55 NativeCode kernel: [    0.104263] cpuidle: using governor menu
Nov 22 17:38:55 NativeCode kernel: [    0.104263] Simple Boot Flag at 0x47 set to 0x80
Nov 22 17:38:55 NativeCode kernel: [    0.104263] ACPI: bus type PCI registered
Nov 22 17:38:55 NativeCode kernel: [    0.104263] acpiphp: ACPI Hot Plug PCI Controller Driver version: 0.5
Nov 22 17:38:55 NativeCode kernel: [    0.104263] PCI: MMCONFIG for domain 0000 [bus 00-ff] at [mem 0xc0000000-0xcfffffff] (base 0xc0000000)
Nov 22 17:38:55 NativeCode kernel: [    0.104263] PCI: MMCONFIG at [mem 0xc0000000-0xcfffffff] reserved in E820
Nov 22 17:38:55 NativeCode kernel: [    0.104263] PCI: Using configuration type 1 for base access
Nov 22 17:38:55 NativeCode kernel: [    0.104263] ENERGY_PERF_BIAS: Set to 'normal', was 'performance'
Nov 22 17:38:55 NativeCode kernel: [    0.104263] Kprobes globally optimized
Nov 22 17:38:55 NativeCode kernel: [    0.104263] HugeTLB registered 1.00 GiB page size, pre-allocated 0 pages
Nov 22 17:38:55 NativeCode kernel: [    0.104263] HugeTLB registered 2.00 MiB page size, pre-allocated 0 pages
Nov 22 17:38:55 NativeCode kernel: [    0.107452] ACPI: Added _OSI(Module Device)
Nov 22 17:38:55 NativeCode kernel: [    0.107453] ACPI: Added _OSI(Processor Device)
Nov 22 17:38:55 NativeCode kernel: [    0.107453] ACPI: Added _OSI(3.0 _SCP Extensions)
Nov 22 17:38:55 NativeCode kernel: [    0.107454] ACPI: Added _OSI(Processor Aggregator Device)
Nov 22 17:38:55 NativeCode kernel: [    0.107455] ACPI: Added _OSI(Linux-Dell-Video)
Nov 22 17:38:55 NativeCode kernel: [    0.107455] ACPI: Added _OSI(Linux-Lenovo-NV-HDMI-Audio)
Nov 22 17:38:55 NativeCode kernel: [    0.107456] ACPI: Added _OSI(Linux-HPI-Hybrid-Graphics)
Nov 22 17:38:55 NativeCode kernel: [    0.158157] ACPI: 13 ACPI AML tables successfully acquired and loaded
Nov 22 17:38:55 NativeCode kernel: [    0.173108] ACPI: Dynamic OEM Table Load:
Nov 22 17:38:55 NativeCode kernel: [    0.173115] ACPI: SSDT 0xFFFF9A3300297600 0001B8 (v02 PmRef  Cpu0Psd  00003000 INTL 20191018)
Nov 22 17:38:55 NativeCode kernel: [    0.173851] ACPI: \_SB_.PR00: _OSC native thermal LVT Acked
Nov 22 17:38:55 NativeCode kernel: [    0.175789] ACPI: Dynamic OEM Table Load:
Nov 22 17:38:55 NativeCode kernel: [    0.175795] ACPI: SSDT 0xFFFF9A330137A800 000496 (v02 PmRef  Cpu0Cst  00003001 INTL 20191018)
Nov 22 17:38:55 NativeCode kernel: [    0.176708] ACPI: Dynamic OEM Table Load:
Nov 22 17:38:55 NativeCode kernel: [    0.176712] ACPI: SSDT 0xFFFF9A330137A000 000647 (v02 PmRef  Cpu0Ist  00003000 INTL 20191018)
Nov 22 17:38:55 NativeCode kernel: [    0.177607] ACPI: Dynamic OEM Table Load:
Nov 22 17:38:55 NativeCode kernel: [    0.177610] ACPI: SSDT 0xFFFF9A3300296A00 000128 (v02 PmRef  Cpu0Hwp  00003000 INTL 20191018)
Nov 22 17:38:55 NativeCode kernel: [    0.178566] ACPI: Dynamic OEM Table Load:
Nov 22 17:38:55 NativeCode kernel: [    0.178571] ACPI: SSDT 0xFFFF9A330007A000 0008E7 (v02 PmRef  ApIst    00003000 INTL 20191018)
Nov 22 17:38:55 NativeCode kernel: [    0.179522] ACPI: Dynamic OEM Table Load:
Nov 22 17:38:55 NativeCode kernel: [    0.179527] ACPI: SSDT 0xFFFF9A330137D800 00048A (v02 PmRef  ApHwp    00003000 INTL 20191018)
Nov 22 17:38:55 NativeCode kernel: [    0.180482] ACPI: Dynamic OEM Table Load:
Nov 22 17:38:55 NativeCode kernel: [    0.180485] ACPI: SSDT 0xFFFF9A3301379000 0004D2 (v02 PmRef  ApPsd    00003000 INTL 20191018)
Nov 22 17:38:55 NativeCode kernel: [    0.181359] ACPI: Dynamic OEM Table Load:
Nov 22 17:38:55 NativeCode kernel: [    0.181363] ACPI: SSDT 0xFFFF9A330137D000 00048A (v02 PmRef  ApCst    00003000 INTL 20191018)
Nov 22 17:38:55 NativeCode kernel: [    0.185730] ACPI: EC: EC started
Nov 22 17:38:55 NativeCode kernel: [    0.185731] ACPI: EC: interrupt blocked
Nov 22 17:38:55 NativeCode kernel: [    0.192540] ACPI: EC: EC_CMD/EC_SC=0x934, EC_DATA=0x930
Nov 22 17:38:55 NativeCode kernel: [    0.192541] ACPI: \_SB_.PC00.LPCB.ECDV: Boot DSDT EC used to handle transactions
Nov 22 17:38:55 NativeCode kernel: [    0.192542] ACPI: Interpreter enabled
Nov 22 17:38:55 NativeCode kernel: [    0.192589] ACPI: PM: (supports S0 S4 S5)
Nov 22 17:38:55 NativeCode kernel: [    0.192591] ACPI: Using IOAPIC for interrupt routing
Nov 22 17:38:55 NativeCode kernel: [    0.192628] PCI: Using host bridge windows from ACPI; if necessary, use "pci=nocrs" and report a bug
Nov 22 17:38:55 NativeCode kernel: [    0.192628] PCI: Using E820 reservations for host bridge windows
Nov 22 17:38:55 NativeCode kernel: [    0.194331] ACPI: Enabled 8 GPEs in block 00 to 7F
Nov 22 17:38:55 NativeCode kernel: [    0.194825] ACPI: PM: Power Resource [PCRP]
Nov 22 17:38:55 NativeCode kernel: [    0.207148] ACPI: PM: Power Resource [V0PR]
Nov 22 17:38:55 NativeCode kernel: [    0.207265] ACPI: PM: Power Resource [V1PR]
Nov 22 17:38:55 NativeCode kernel: [    0.207381] ACPI: PM: Power Resource [V2PR]
Nov 22 17:38:55 NativeCode kernel: [    0.211247] ACPI: PM: Power Resource [WRST]
Nov 22 17:38:55 NativeCode kernel: [    0.221255] ACPI: PM: Power Resource [PIN]
Nov 22 17:38:55 NativeCode kernel: [    0.221567] ACPI: PCI Root Bridge [PC00] (domain 0000 [bus 00-fe])
Nov 22 17:38:55 NativeCode kernel: [    0.221580] acpi PNP0A08:00: _OSC: OS supports [ExtendedConfig ASPM ClockPM Segments MSI EDR HPX-Type3]
Nov 22 17:38:55 NativeCode kernel: [    0.224362] acpi PNP0A08:00: _OSC: OS now controls [PCIeHotplug SHPCHotplug PME AER PCIeCapability LTR DPC]
Nov 22 17:38:55 NativeCode kernel: [    0.226947] PCI host bridge to bus 0000:00
Nov 22 17:38:55 NativeCode kernel: [    0.226948] pci_bus 0000:00: root bus resource [bus 00-fe]
Nov 22 17:38:55 NativeCode kernel: [    0.226950] pci_bus 0000:00: root bus resource [io  0x0000-0x0cf7 window]
Nov 22 17:38:55 NativeCode kernel: [    0.226951] pci_bus 0000:00: root bus resource [io  0x0d00-0xffff window]
Nov 22 17:38:55 NativeCode kernel: [    0.226951] pci_bus 0000:00: root bus resource [mem 0x000a0000-0x000bffff window]
Nov 22 17:38:55 NativeCode kernel: [    0.226952] pci_bus 0000:00: root bus resource [mem 0x70800000-0xbfffffff window]
Nov 22 17:38:55 NativeCode kernel: [    0.226953] pci_bus 0000:00: root bus resource [mem 0x4000000000-0x7fffffffff window]
Nov 22 17:38:55 NativeCode kernel: [    0.227754] pci 0000:00:00.0: [8086:9a14] type 00 class 0x060000
Nov 22 17:38:55 NativeCode kernel: [    0.230111] pci 0000:00:02.0: [8086:9a49] type 00 class 0x030000
Nov 22 17:38:55 NativeCode kernel: [    0.230120] pci 0000:00:02.0: reg 0x10: [mem 0x6012000000-0x6012ffffff 64bit]
Nov 22 17:38:55 NativeCode kernel: [    0.230125] pci 0000:00:02.0: reg 0x18: [mem 0x4000000000-0x400fffffff 64bit pref]
Nov 22 17:38:55 NativeCode kernel: [    0.230128] pci 0000:00:02.0: reg 0x20: [io  0x5000-0x503f]
Nov 22 17:38:55 NativeCode kernel: [    0.230141] pci 0000:00:02.0: BAR 2: assigned to efifb
Nov 22 17:38:55 NativeCode kernel: [    0.230142] pci 0000:00:02.0: DMAR: Skip IOMMU disabling for graphics
Nov 22 17:38:55 NativeCode kernel: [    0.230144] pci 0000:00:02.0: Video device with shadowed ROM at [mem 0x000c0000-0x000dffff]
Nov 22 17:38:55 NativeCode kernel: [    0.230167] pci 0000:00:02.0: reg 0x344: [mem 0x00000000-0x00ffffff 64bit]
Nov 22 17:38:55 NativeCode kernel: [    0.230168] pci 0000:00:02.0: VF(n) BAR0 space: [mem 0x00000000-0x06ffffff 64bit] (contains BAR0 for 7 VFs)
Nov 22 17:38:55 NativeCode kernel: [    0.230172] pci 0000:00:02.0: reg 0x34c: [mem 0x00000000-0x1fffffff 64bit pref]
Nov 22 17:38:55 NativeCode kernel: [    0.230173] pci 0000:00:02.0: VF(n) BAR2 space: [mem 0x00000000-0xdfffffff 64bit pref] (contains BAR2 for 7 VFs)
Nov 22 17:38:55 NativeCode kernel: [    0.231702] pci 0000:00:04.0: [8086:9a03] type 00 class 0x118000
Nov 22 17:38:55 NativeCode kernel: [    0.231718] pci 0000:00:04.0: reg 0x10: [mem 0x6013100000-0x601311ffff 64bit]
Nov 22 17:38:55 NativeCode kernel: [    0.233426] pci 0000:00:06.0: [8086:9a09] type 01 class 0x060400
Nov 22 17:38:55 NativeCode kernel: [    0.233493] pci 0000:00:06.0: PME# supported from D0 D3hot D3cold
Nov 22 17:38:55 NativeCode kernel: [    0.233517] pci 0000:00:06.0: PTM enabled (root), 4ns granularity
Nov 22 17:38:55 NativeCode kernel: [    0.234674] pci 0000:00:0a.0: [8086:9a0d] type 00 class 0x118000
Nov 22 17:38:55 NativeCode kernel: [    0.234681] pci 0000:00:0a.0: reg 0x10: [mem 0x6013130000-0x6013137fff 64bit]
Nov 22 17:38:55 NativeCode kernel: [    0.234701] pci 0000:00:0a.0: enabling Extended Tags
Nov 22 17:38:55 NativeCode kernel: [    0.236927] pci 0000:00:14.0: [8086:a0ed] type 00 class 0x0c0330
Nov 22 17:38:55 NativeCode kernel: [    0.236949] pci 0000:00:14.0: reg 0x10: [mem 0x6013120000-0x601312ffff 64bit]
Nov 22 17:38:55 NativeCode kernel: [    0.237033] pci 0000:00:14.0: PME# supported from D3hot D3cold
Nov 22 17:38:55 NativeCode kernel: [    0.238076] pci 0000:00:14.2: [8086:a0ef] type 00 class 0x050000
Nov 22 17:38:55 NativeCode kernel: [    0.238096] pci 0000:00:14.2: reg 0x10: [mem 0x6013140000-0x6013143fff 64bit]
Nov 22 17:38:55 NativeCode kernel: [    0.238109] pci 0000:00:14.2: reg 0x18: [mem 0x6013148000-0x6013148fff 64bit]
Nov 22 17:38:55 NativeCode kernel: [    0.240347] pci 0000:00:14.3: [8086:a0f0] type 00 class 0x028000
Nov 22 17:38:55 NativeCode kernel: [    0.240386] pci 0000:00:14.3: reg 0x10: [mem 0x601313c000-0x601313ffff 64bit]
Nov 22 17:38:55 NativeCode kernel: [    0.240506] pci 0000:00:14.3: PME# supported from D0 D3hot D3cold
Nov 22 17:38:55 NativeCode kernel: [    0.242178] pci 0000:00:15.0: [8086:a0e8] type 00 class 0x0c8000
Nov 22 17:38:55 NativeCode kernel: [    0.242210] pci 0000:00:15.0: reg 0x10: [mem 0x00000000-0x00000fff 64bit]
Nov 22 17:38:55 NativeCode kernel: [    0.244018] pci 0000:00:15.1: [8086:a0e9] type 00 class 0x0c8000
Nov 22 17:38:55 NativeCode kernel: [    0.244051] pci 0000:00:15.1: reg 0x10: [mem 0x00000000-0x00000fff 64bit]
Nov 22 17:38:55 NativeCode kernel: [    0.245875] pci 0000:00:16.0: [8086:a0e0] type 00 class 0x078000
Nov 22 17:38:55 NativeCode kernel: [    0.245900] pci 0000:00:16.0: reg 0x10: [mem 0x6013145000-0x6013145fff 64bit]
Nov 22 17:38:55 NativeCode kernel: [    0.245991] pci 0000:00:16.0: PME# supported from D3hot
Nov 22 17:38:55 NativeCode kernel: [    0.247721] pci 0000:00:17.0: [8086:a0d3] type 00 class 0x010601
Nov 22 17:38:55 NativeCode kernel: [    0.247738] pci 0000:00:17.0: reg 0x10: [mem 0x72280000-0x72281fff]
Nov 22 17:38:55 NativeCode kernel: [    0.247747] pci 0000:00:17.0: reg 0x14: [mem 0x72284000-0x722840ff]
Nov 22 17:38:55 NativeCode kernel: [    0.247756] pci 0000:00:17.0: reg 0x18: [io  0x5080-0x5087]
Nov 22 17:38:55 NativeCode kernel: [    0.247765] pci 0000:00:17.0: reg 0x1c: [io  0x5088-0x508b]
Nov 22 17:38:55 NativeCode kernel: [    0.247775] pci 0000:00:17.0: reg 0x20: [io  0x5060-0x507f]
Nov 22 17:38:55 NativeCode kernel: [    0.247784] pci 0000:00:17.0: reg 0x24: [mem 0x72283000-0x722837ff]
Nov 22 17:38:55 NativeCode kernel: [    0.247831] pci 0000:00:17.0: PME# supported from D3hot
Nov 22 17:38:55 NativeCode kernel: [    0.249698] pci 0000:00:1c.0: [8086:a0bc] type 01 class 0x060400
Nov 22 17:38:55 NativeCode kernel: [    0.249808] pci 0000:00:1c.0: PME# supported from D0 D3hot D3cold
Nov 22 17:38:55 NativeCode kernel: [    0.249847] pci 0000:00:1c.0: PTM enabled (root), 4ns granularity
Nov 22 17:38:55 NativeCode kernel: [    0.251769] pci 0000:00:1d.0: [8086:a0b0] type 01 class 0x060400
Nov 22 17:38:55 NativeCode kernel: [    0.251868] pci 0000:00:1d.0: PME# supported from D0 D3hot D3cold
Nov 22 17:38:55 NativeCode kernel: [    0.251903] pci 0000:00:1d.0: PTM enabled (root), 4ns granularity
Nov 22 17:38:55 NativeCode kernel: [    0.253840] pci 0000:00:1f.0: [8086:a082] type 00 class 0x060100
Nov 22 17:38:55 NativeCode kernel: [    0.255543] pci 0000:00:1f.3: [8086:a0c8] type 00 class 0x040100
Nov 22 17:38:55 NativeCode kernel: [    0.255587] pci 0000:00:1f.3: reg 0x10: [mem 0x6013138000-0x601313bfff 64bit]
Nov 22 17:38:55 NativeCode kernel: [    0.255640] pci 0000:00:1f.3: reg 0x20: [mem 0x6013000000-0x60130fffff 64bit]
Nov 22 17:38:55 NativeCode kernel: [    0.255745] pci 0000:00:1f.3: PME# supported from D3hot D3cold
Nov 22 17:38:55 NativeCode kernel: [    0.257497] pci 0000:00:1f.4: [8086:a0a3] type 00 class 0x0c0500
Nov 22 17:38:55 NativeCode kernel: [    0.257520] pci 0000:00:1f.4: reg 0x10: [mem 0x6013144000-0x60131440ff 64bit]
Nov 22 17:38:55 NativeCode kernel: [    0.257542] pci 0000:00:1f.4: reg 0x20: [io  0xefa0-0xefbf]
Nov 22 17:38:55 NativeCode kernel: [    0.258457] pci 0000:00:1f.5: [8086:a0a4] type 00 class 0x0c8000
Nov 22 17:38:55 NativeCode kernel: [    0.258477] pci 0000:00:1f.5: reg 0x10: [mem 0xfe010000-0xfe010fff]
Nov 22 17:38:55 NativeCode kernel: [    0.259328] pci 0000:01:00.0: [10de:1d16] type 00 class 0x030200
Nov 22 17:38:55 NativeCode kernel: [    0.259338] pci 0000:01:00.0: reg 0x10: [mem 0x71000000-0x71ffffff]
Nov 22 17:38:55 NativeCode kernel: [    0.259347] pci 0000:01:00.0: reg 0x14: [mem 0x6000000000-0x600fffffff 64bit pref]
Nov 22 17:38:55 NativeCode kernel: [    0.259355] pci 0000:01:00.0: reg 0x1c: [mem 0x6010000000-0x6011ffffff 64bit pref]
Nov 22 17:38:55 NativeCode kernel: [    0.259361] pci 0000:01:00.0: reg 0x24: [io  0x4000-0x407f]
Nov 22 17:38:55 NativeCode kernel: [    0.259366] pci 0000:01:00.0: reg 0x30: [mem 0xfff80000-0xffffffff pref]
Nov 22 17:38:55 NativeCode kernel: [    0.259599] pci 0000:00:06.0: PCI bridge to [bus 01]
Nov 22 17:38:55 NativeCode kernel: [    0.259601] pci 0000:00:06.0:   bridge window [io  0x4000-0x4fff]
Nov 22 17:38:55 NativeCode kernel: [    0.259603] pci 0000:00:06.0:   bridge window [mem 0x71000000-0x71ffffff]
Nov 22 17:38:55 NativeCode kernel: [    0.259606] pci 0000:00:06.0:   bridge window [mem 0x6000000000-0x6011ffffff 64bit pref]
Nov 22 17:38:55 NativeCode kernel: [    0.259724] pci 0000:02:00.0: [1c5c:174a] type 00 class 0x010802
Nov 22 17:38:55 NativeCode kernel: [    0.259749] pci 0000:02:00.0: reg 0x10: [mem 0x72100000-0x72103fff 64bit]
Nov 22 17:38:55 NativeCode kernel: [    0.259760] pci 0000:02:00.0: reg 0x18: [mem 0x72105000-0x72105fff]
Nov 22 17:38:55 NativeCode kernel: [    0.259770] pci 0000:02:00.0: reg 0x1c: [mem 0x72104000-0x72104fff]
Nov 22 17:38:55 NativeCode kernel: [    0.260044] pci 0000:00:1c.0: PCI bridge to [bus 02]
Nov 22 17:38:55 NativeCode kernel: [    0.260048] pci 0000:00:1c.0:   bridge window [mem 0x72100000-0x721fffff]
Nov 22 17:38:55 NativeCode kernel: [    0.260121] pci 0000:03:00.0: [10ec:8168] type 00 class 0x020000
Nov 22 17:38:55 NativeCode kernel: [    0.260145] pci 0000:03:00.0: reg 0x10: [io  0x3000-0x30ff]
Nov 22 17:38:55 NativeCode kernel: [    0.260175] pci 0000:03:00.0: reg 0x18: [mem 0x72004000-0x72004fff 64bit]
Nov 22 17:38:55 NativeCode kernel: [    0.260194] pci 0000:03:00.0: reg 0x20: [mem 0x72000000-0x72003fff 64bit]
Nov 22 17:38:55 NativeCode kernel: [    0.260313] pci 0000:03:00.0: supports D1 D2
Nov 22 17:38:55 NativeCode kernel: [    0.260313] pci 0000:03:00.0: PME# supported from D0 D1 D2 D3hot D3cold
Nov 22 17:38:55 NativeCode kernel: [    0.260475] pci 0000:00:1d.0: PCI bridge to [bus 03]
Nov 22 17:38:55 NativeCode kernel: [    0.260477] pci 0000:00:1d.0:   bridge window [io  0x3000-0x3fff]
Nov 22 17:38:55 NativeCode kernel: [    0.260480] pci 0000:00:1d.0:   bridge window [mem 0x72000000-0x720fffff]
Nov 22 17:38:55 NativeCode kernel: [    0.283879] ACPI: EC: interrupt unblocked
Nov 22 17:38:55 NativeCode kernel: [    0.283880] ACPI: EC: event unblocked
Nov 22 17:38:55 NativeCode kernel: [    0.283889] ACPI: EC: EC_CMD/EC_SC=0x934, EC_DATA=0x930
Nov 22 17:38:55 NativeCode kernel: [    0.283890] ACPI: EC: GPE=0x6e
Nov 22 17:38:55 NativeCode kernel: [    0.283891] ACPI: \_SB_.PC00.LPCB.ECDV: Boot DSDT EC initialization complete
Nov 22 17:38:55 NativeCode kernel: [    0.283892] ACPI: \_SB_.PC00.LPCB.ECDV: EC: Used to handle transactions and events
Nov 22 17:38:55 NativeCode kernel: [    0.283955] iommu: Default domain type: Translated 
Nov 22 17:38:55 NativeCode kernel: [    0.283955] iommu: DMA domain TLB invalidation policy: lazy mode 
Nov 22 17:38:55 NativeCode kernel: [    0.283955] SCSI subsystem initialized
Nov 22 17:38:55 NativeCode kernel: [    0.283955] libata version 3.00 loaded.
Nov 22 17:38:55 NativeCode kernel: [    0.283955] pci 0000:00:02.0: vgaarb: setting as boot VGA device
Nov 22 17:38:55 NativeCode kernel: [    0.283955] pci 0000:00:02.0: vgaarb: VGA device added: decodes=io+mem,owns=io+mem,locks=none
Nov 22 17:38:55 NativeCode kernel: [    0.283955] pci 0000:00:02.0: vgaarb: bridge control possible
Nov 22 17:38:55 NativeCode kernel: [    0.283955] vgaarb: loaded
Nov 22 17:38:55 NativeCode kernel: [    0.283955] ACPI: bus type USB registered
Nov 22 17:38:55 NativeCode kernel: [    0.283955] usbcore: registered new interface driver usbfs
Nov 22 17:38:55 NativeCode kernel: [    0.283955] usbcore: registered new interface driver hub
Nov 22 17:38:55 NativeCode kernel: [    0.283955] usbcore: registered new device driver usb
Nov 22 17:38:55 NativeCode kernel: [    0.283955] pps_core: LinuxPPS API ver. 1 registered
Nov 22 17:38:55 NativeCode kernel: [    0.283955] pps_core: Software ver. 5.3.6 - Copyright 2005-2007 Rodolfo Giometti <giometti@linux.it>
Nov 22 17:38:55 NativeCode kernel: [    0.283955] PTP clock support registered
Nov 22 17:38:55 NativeCode kernel: [    0.283955] EDAC MC: Ver: 3.0.0
Nov 22 17:38:55 NativeCode kernel: [    0.283955] Registered efivars operations
Nov 22 17:38:55 NativeCode kernel: [    0.283955] NetLabel: Initializing
Nov 22 17:38:55 NativeCode kernel: [    0.283955] NetLabel:  domain hash size = 128
Nov 22 17:38:55 NativeCode kernel: [    0.283955] NetLabel:  protocols = UNLABELED CIPSOv4 CALIPSO
Nov 22 17:38:55 NativeCode kernel: [    0.283955] NetLabel:  unlabeled traffic allowed by default
Nov 22 17:38:55 NativeCode kernel: [    0.283955] PCI: Using ACPI for IRQ routing
Nov 22 17:38:55 NativeCode kernel: [    0.307315] PCI: pci_cache_line_size set to 64 bytes
Nov 22 17:38:55 NativeCode kernel: [    0.307409] pci 0000:00:1f.5: can't claim BAR 0 [mem 0xfe010000-0xfe010fff]: no compatible bridge window
Nov 22 17:38:55 NativeCode kernel: [    0.307498] e820: reserve RAM buffer [mem 0x0009f000-0x0009ffff]
Nov 22 17:38:55 NativeCode kernel: [    0.307500] e820: reserve RAM buffer [mem 0x5a7d1018-0x5bffffff]
Nov 22 17:38:55 NativeCode kernel: [    0.307500] e820: reserve RAM buffer [mem 0x5a83a000-0x5bffffff]
Nov 22 17:38:55 NativeCode kernel: [    0.307501] e820: reserve RAM buffer [mem 0x5a843000-0x5bffffff]
Nov 22 17:38:55 NativeCode kernel: [    0.307501] e820: reserve RAM buffer [mem 0x5f32b000-0x5fffffff]
Nov 22 17:38:55 NativeCode kernel: [    0.307502] e820: reserve RAM buffer [mem 0x63c00000-0x63ffffff]
Nov 22 17:38:55 NativeCode kernel: [    0.307503] e820: reserve RAM buffer [mem 0x48f800000-0x48fffffff]
Nov 22 17:38:55 NativeCode kernel: [    0.308107] clocksource: Switched to clocksource tsc-early
Nov 22 17:38:55 NativeCode kernel: [    0.313051] VFS: Disk quotas dquot_6.6.0
Nov 22 17:38:55 NativeCode kernel: [    0.313059] VFS: Dquot-cache hash table entries: 512 (order 0, 4096 bytes)
Nov 22 17:38:55 NativeCode kernel: [    0.313121] AppArmor: AppArmor Filesystem Enabled
Nov 22 17:38:55 NativeCode kernel: [    0.313137] pnp: PnP ACPI init
Nov 22 17:38:55 NativeCode kernel: [    0.313304] system 00:00: [io  0x0680-0x069f] has been reserved
Nov 22 17:38:55 NativeCode kernel: [    0.313305] system 00:00: [io  0x164e-0x164f] has been reserved
Nov 22 17:38:55 NativeCode kernel: [    0.313385] system 00:02: [io  0x1854-0x1857] has been reserved
Nov 22 17:38:55 NativeCode kernel: [    0.314447] pnp 00:05: disabling [mem 0xc0000000-0xcfffffff] because it overlaps 0000:00:02.0 BAR 9 [mem 0x00000000-0xdfffffff 64bit pref]
Nov 22 17:38:55 NativeCode kernel: [    0.314461] system 00:05: [mem 0xfedc0000-0xfedc7fff] has been reserved
Nov 22 17:38:55 NativeCode kernel: [    0.314462] system 00:05: [mem 0xfeda0000-0xfeda0fff] has been reserved
Nov 22 17:38:55 NativeCode kernel: [    0.314463] system 00:05: [mem 0xfeda1000-0xfeda1fff] has been reserved
Nov 22 17:38:55 NativeCode kernel: [    0.314464] system 00:05: [mem 0xfed20000-0xfed7ffff] could not be reserved
Nov 22 17:38:55 NativeCode kernel: [    0.314465] system 00:05: [mem 0xfed90000-0xfed93fff] could not be reserved
Nov 22 17:38:55 NativeCode kernel: [    0.314466] system 00:05: [mem 0xfed45000-0xfed8ffff] could not be reserved
Nov 22 17:38:55 NativeCode kernel: [    0.314467] system 00:05: [mem 0xfee00000-0xfeefffff] has been reserved
Nov 22 17:38:55 NativeCode kernel: [    0.315021] system 00:06: [io  0x1800-0x18fe] could not be reserved
Nov 22 17:38:55 NativeCode kernel: [    0.315022] system 00:06: [mem 0xfe000000-0xfe01ffff] has been reserved
Nov 22 17:38:55 NativeCode kernel: [    0.315023] system 00:06: [mem 0xfe04c000-0xfe04ffff] has been reserved
Nov 22 17:38:55 NativeCode kernel: [    0.315024] system 00:06: [mem 0xfe050000-0xfe0affff] has been reserved
Nov 22 17:38:55 NativeCode kernel: [    0.315025] system 00:06: [mem 0xfe0d0000-0xfe0fffff] has been reserved
Nov 22 17:38:55 NativeCode kernel: [    0.315026] system 00:06: [mem 0xfe200000-0xfe7fffff] has been reserved
Nov 22 17:38:55 NativeCode kernel: [    0.315026] system 00:06: [mem 0xff000000-0xffffffff] has been reserved
Nov 22 17:38:55 NativeCode kernel: [    0.315027] system 00:06: [mem 0xfd000000-0xfd68ffff] has been reserved
Nov 22 17:38:55 NativeCode kernel: [    0.315028] system 00:06: [mem 0xfd6b0000-0xfd6cffff] has been reserved
Nov 22 17:38:55 NativeCode kernel: [    0.315029] system 00:06: [mem 0xfd6f0000-0xfdffffff] has been reserved
Nov 22 17:38:55 NativeCode kernel: [    0.315269] system 00:07: [io  0x2000-0x20fe] has been reserved
Nov 22 17:38:55 NativeCode kernel: [    0.317251] pnp: PnP ACPI: found 9 devices
Nov 22 17:38:55 NativeCode kernel: [    0.322430] clocksource: acpi_pm: mask: 0xffffff max_cycles: 0xffffff, max_idle_ns: 2085701024 ns
Nov 22 17:38:55 NativeCode kernel: [    0.322461] NET: Registered PF_INET protocol family
Nov 22 17:38:55 NativeCode kernel: [    0.322614] IP idents hash table entries: 262144 (order: 9, 2097152 bytes, linear)
Nov 22 17:38:55 NativeCode kernel: [    0.323596] tcp_listen_portaddr_hash hash table entries: 8192 (order: 5, 131072 bytes, linear)
Nov 22 17:38:55 NativeCode kernel: [    0.323619] Table-perturb hash table entries: 65536 (order: 6, 262144 bytes, linear)
Nov 22 17:38:55 NativeCode kernel: [    0.323688] TCP established hash table entries: 131072 (order: 8, 1048576 bytes, linear)
Nov 22 17:38:55 NativeCode kernel: [    0.323824] TCP bind hash table entries: 65536 (order: 8, 1048576 bytes, linear)
Nov 22 17:38:55 NativeCode kernel: [    0.323870] TCP: Hash tables configured (established 131072 bind 65536)
Nov 22 17:38:55 NativeCode kernel: [    0.323932] MPTCP token hash table entries: 16384 (order: 6, 393216 bytes, linear)
Nov 22 17:38:55 NativeCode kernel: [    0.323997] UDP hash table entries: 8192 (order: 6, 262144 bytes, linear)
Nov 22 17:38:55 NativeCode kernel: [    0.324027] UDP-Lite hash table entries: 8192 (order: 6, 262144 bytes, linear)
Nov 22 17:38:55 NativeCode kernel: [    0.324063] NET: Registered PF_UNIX/PF_LOCAL protocol family
Nov 22 17:38:55 NativeCode kernel: [    0.324067] NET: Registered PF_XDP protocol family
Nov 22 17:38:55 NativeCode kernel: [    0.324069] pci 0000:01:00.0: can't claim BAR 6 [mem 0xfff80000-0xffffffff pref]: no compatible bridge window
Nov 22 17:38:55 NativeCode kernel: [    0.324072] pci_bus 0000:00: max bus depth: 1 pci_try_num: 2
Nov 22 17:38:55 NativeCode kernel: [    0.324079] clipped [mem size 0x00000000 64bit pref] to [mem size 0xfffffffffffa0000 64bit pref] for e820 entry [mem 0x0009f000-0x000fffff]
Nov 22 17:38:55 NativeCode kernel: [    0.324082] pci 0000:00:02.0: BAR 9: assigned [mem 0x4020000000-0x40ffffffff 64bit pref]
Nov 22 17:38:55 NativeCode kernel: [    0.324084] clipped [mem size 0x00000000 64bit] to [mem size 0xfffffffffffa0000 64bit] for e820 entry [mem 0x0009f000-0x000fffff]
Nov 22 17:38:55 NativeCode kernel: [    0.324086] pci 0000:00:02.0: BAR 7: assigned [mem 0x4010000000-0x4016ffffff 64bit]
Nov 22 17:38:55 NativeCode kernel: [    0.324087] clipped [mem size 0x00000000 64bit] to [mem size 0xfffffffffffa0000 64bit] for e820 entry [mem 0x0009f000-0x000fffff]
Nov 22 17:38:55 NativeCode kernel: [    0.324089] pci 0000:00:15.0: BAR 0: assigned [mem 0x4017000000-0x4017000fff 64bit]
Nov 22 17:38:55 NativeCode kernel: [    0.324147] clipped [mem size 0x00000000 64bit] to [mem size 0xfffffffffffa0000 64bit] for e820 entry [mem 0x0009f000-0x000fffff]
Nov 22 17:38:55 NativeCode kernel: [    0.324148] pci 0000:00:15.1: BAR 0: assigned [mem 0x4017001000-0x4017001fff 64bit]
Nov 22 17:38:55 NativeCode kernel: [    0.324252] clipped [mem size 0x00020000] to [mem size 0xfffffffffffc0000] for e820 entry [mem 0x0009f000-0x000fffff]
Nov 22 17:38:55 NativeCode kernel: [    0.324253] pci 0000:00:1f.5: BAR 0: assigned [mem 0x70800000-0x70800fff]
Nov 22 17:38:55 NativeCode kernel: [    0.324265] pci 0000:01:00.0: BAR 6: no space for [mem size 0x00080000 pref]
Nov 22 17:38:55 NativeCode kernel: [    0.324266] pci 0000:01:00.0: BAR 6: failed to assign [mem size 0x00080000 pref]
Nov 22 17:38:55 NativeCode kernel: [    0.324267] pci 0000:00:06.0: PCI bridge to [bus 01]
Nov 22 17:38:55 NativeCode kernel: [    0.324268] pci 0000:00:06.0:   bridge window [io  0x4000-0x4fff]
Nov 22 17:38:55 NativeCode kernel: [    0.324271] pci 0000:00:06.0:   bridge window [mem 0x71000000-0x71ffffff]
Nov 22 17:38:55 NativeCode kernel: [    0.324272] pci 0000:00:06.0:   bridge window [mem 0x6000000000-0x6011ffffff 64bit pref]
Nov 22 17:38:55 NativeCode kernel: [    0.324275] pci 0000:00:1c.0: PCI bridge to [bus 02]
Nov 22 17:38:55 NativeCode kernel: [    0.324281] pci 0000:00:1c.0:   bridge window [mem 0x72100000-0x721fffff]
Nov 22 17:38:55 NativeCode kernel: [    0.324288] pci 0000:00:1d.0: PCI bridge to [bus 03]
Nov 22 17:38:55 NativeCode kernel: [    0.324289] pci 0000:00:1d.0:   bridge window [io  0x3000-0x3fff]
Nov 22 17:38:55 NativeCode kernel: [    0.324293] pci 0000:00:1d.0:   bridge window [mem 0x72000000-0x720fffff]
Nov 22 17:38:55 NativeCode kernel: [    0.324299] pci_bus 0000:00: resource 4 [io  0x0000-0x0cf7 window]
Nov 22 17:38:55 NativeCode kernel: [    0.324300] pci_bus 0000:00: resource 5 [io  0x0d00-0xffff window]
Nov 22 17:38:55 NativeCode kernel: [    0.324301] pci_bus 0000:00: resource 6 [mem 0x000a0000-0x000bffff window]
Nov 22 17:38:55 NativeCode kernel: [    0.324301] pci_bus 0000:00: resource 7 [mem 0x70800000-0xbfffffff window]
Nov 22 17:38:55 NativeCode kernel: [    0.324302] pci_bus 0000:00: resource 8 [mem 0x4000000000-0x7fffffffff window]
Nov 22 17:38:55 NativeCode kernel: [    0.324303] pci_bus 0000:01: resource 0 [io  0x4000-0x4fff]
Nov 22 17:38:55 NativeCode kernel: [    0.324304] pci_bus 0000:01: resource 1 [mem 0x71000000-0x71ffffff]
Nov 22 17:38:55 NativeCode kernel: [    0.324304] pci_bus 0000:01: resource 2 [mem 0x6000000000-0x6011ffffff 64bit pref]
Nov 22 17:38:55 NativeCode kernel: [    0.324305] pci_bus 0000:02: resource 1 [mem 0x72100000-0x721fffff]
Nov 22 17:38:55 NativeCode kernel: [    0.324306] pci_bus 0000:03: resource 0 [io  0x3000-0x3fff]
Nov 22 17:38:55 NativeCode kernel: [    0.324306] pci_bus 0000:03: resource 1 [mem 0x72000000-0x720fffff]
Nov 22 17:38:55 NativeCode kernel: [    0.324758] PCI: CLS 0 bytes, default 64
Nov 22 17:38:55 NativeCode kernel: [    0.324778] PCI-DMA: Using software bounce buffering for IO (SWIOTLB)
Nov 22 17:38:55 NativeCode kernel: [    0.324779] software IO TLB: mapped [mem 0x0000000051876000-0x0000000055876000] (64MB)
Nov 22 17:38:55 NativeCode kernel: [    0.324810] Trying to unpack rootfs image as initramfs...
Nov 22 17:38:55 NativeCode kernel: [    0.324821] resource sanity check: requesting [mem 0xfedc0000-0xfedcdfff], which spans more than pnp 00:05 [mem 0xfedc0000-0xfedc7fff]
Nov 22 17:38:55 NativeCode kernel: [    0.324823] caller tgl_uncore_imc_freerunning_init_box+0xb5/0xf0 mapping multiple BARs
Nov 22 17:38:55 NativeCode kernel: [    0.335536] clocksource: tsc: mask: 0xffffffffffffffff max_cycles: 0x28680fa287f, max_idle_ns: 440795281151 ns
Nov 22 17:38:55 NativeCode kernel: [    0.335581] clocksource: Switched to clocksource tsc
Nov 22 17:38:55 NativeCode kernel: [    0.335960] Initialise system trusted keyrings
Nov 22 17:38:55 NativeCode kernel: [    0.335966] Key type blacklist registered
Nov 22 17:38:55 NativeCode kernel: [    0.335983] workingset: timestamp_bits=36 max_order=22 bucket_order=0
Nov 22 17:38:55 NativeCode kernel: [    0.336653] zbud: loaded
Nov 22 17:38:55 NativeCode kernel: [    0.336783] squashfs: version 4.0 (2009/01/31) Phillip Lougher
Nov 22 17:38:55 NativeCode kernel: [    0.336865] fuse: init (API version 7.34)
Nov 22 17:38:55 NativeCode kernel: [    0.336979] integrity: Platform Keyring initialized
Nov 22 17:38:55 NativeCode kernel: [    0.344008] Key type asymmetric registered
Nov 22 17:38:55 NativeCode kernel: [    0.344009] Asymmetric key parser 'x509' registered
Nov 22 17:38:55 NativeCode kernel: [    0.344017] Block layer SCSI generic (bsg) driver version 0.4 loaded (major 243)
Nov 22 17:38:55 NativeCode kernel: [    0.344035] io scheduler mq-deadline registered
Nov 22 17:38:55 NativeCode kernel: [    0.344311] pcieport 0000:00:06.0: PME: Signaling with IRQ 122
Nov 22 17:38:55 NativeCode kernel: [    0.344358] pcieport 0000:00:06.0: AER: enabled with IRQ 122
Nov 22 17:38:55 NativeCode kernel: [    0.344409] pcieport 0000:00:06.0: DPC: enabled with IRQ 122
Nov 22 17:38:55 NativeCode kernel: [    0.344410] pcieport 0000:00:06.0: DPC: error containment capabilities: Int Msg #0, RPExt+ PoisonedTLP+ SwTrigger+ RP PIO Log 4, DL_ActiveErr+
Nov 22 17:38:55 NativeCode kernel: [    0.344608] pcieport 0000:00:1c.0: PME: Signaling with IRQ 123
Nov 22 17:38:55 NativeCode kernel: [    0.344650] pcieport 0000:00:1c.0: AER: enabled with IRQ 123
Nov 22 17:38:55 NativeCode kernel: [    0.344681] pcieport 0000:00:1c.0: DPC: enabled with IRQ 123
Nov 22 17:38:55 NativeCode kernel: [    0.344682] pcieport 0000:00:1c.0: DPC: error containment capabilities: Int Msg #0, RPExt+ PoisonedTLP+ SwTrigger+ RP PIO Log 4, DL_ActiveErr+
Nov 22 17:38:55 NativeCode kernel: [    0.344895] pcieport 0000:00:1d.0: PME: Signaling with IRQ 124
Nov 22 17:38:55 NativeCode kernel: [    0.344939] pcieport 0000:00:1d.0: AER: enabled with IRQ 124
Nov 22 17:38:55 NativeCode kernel: [    0.344965] pcieport 0000:00:1d.0: DPC: enabled with IRQ 124
Nov 22 17:38:55 NativeCode kernel: [    0.344966] pcieport 0000:00:1d.0: DPC: error containment capabilities: Int Msg #0, RPExt+ PoisonedTLP+ SwTrigger+ RP PIO Log 4, DL_ActiveErr+
Nov 22 17:38:55 NativeCode kernel: [    0.345056] shpchp: Standard Hot Plug PCI Controller Driver version: 0.4
Nov 22 17:38:55 NativeCode kernel: [    0.345282] Monitor-Mwait will be used to enter C-1 state
Nov 22 17:38:55 NativeCode kernel: [    0.345284] Monitor-Mwait will be used to enter C-2 state
Nov 22 17:38:55 NativeCode kernel: [    0.345286] Monitor-Mwait will be used to enter C-3 state
Nov 22 17:38:55 NativeCode kernel: [    0.345287] ACPI: \_SB_.PR00: Found 3 idle states
Nov 22 17:38:55 NativeCode kernel: [    0.347525] ACPI: AC: AC Adapter [AC] (off-line)
Nov 22 17:38:55 NativeCode kernel: [    0.347561] input: Lid Switch as /devices/LNXSYSTM:00/LNXSYBUS:00/PNP0C0D:00/input/input0
Nov 22 17:38:55 NativeCode kernel: [    0.347580] ACPI: button: Lid Switch [LID0]
Nov 22 17:38:55 NativeCode kernel: [    0.347598] input: Power Button as /devices/LNXSYSTM:00/LNXSYBUS:00/PNP0C0C:00/input/input1
Nov 22 17:38:55 NativeCode kernel: [    0.347610] ACPI: button: Power Button [PBTN]
Nov 22 17:38:55 NativeCode kernel: [    0.347731] smpboot: Estimated ratio of average max frequency by base frequency (times 1024): 1499
Nov 22 17:38:55 NativeCode kernel: [    0.349641] Serial: 8250/16550 driver, 32 ports, IRQ sharing enabled
Nov 22 17:38:55 NativeCode kernel: [    0.350905] hpet_acpi_add: no address or irqs in _CRS
Nov 22 17:38:55 NativeCode kernel: [    0.350928] Linux agpgart interface v0.103
Nov 22 17:38:55 NativeCode kernel: [    0.359171] loop: module loaded
Nov 22 17:38:55 NativeCode kernel: [    0.359307] tun: Universal TUN/TAP device driver, 1.6
Nov 22 17:38:55 NativeCode kernel: [    0.359329] PPP generic driver version 2.4.2
Nov 22 17:38:55 NativeCode kernel: [    0.359359] VFIO - User Level meta-driver version: 0.3
Nov 22 17:38:55 NativeCode kernel: [    0.359494] ehci_hcd: USB 2.0 'Enhanced' Host Controller (EHCI) Driver
Nov 22 17:38:55 NativeCode kernel: [    0.359496] ehci-pci: EHCI PCI platform driver
Nov 22 17:38:55 NativeCode kernel: [    0.359500] ehci-platform: EHCI generic platform driver
Nov 22 17:38:55 NativeCode kernel: [    0.359504] ohci_hcd: USB 1.1 'Open' Host Controller (OHCI) Driver
Nov 22 17:38:55 NativeCode kernel: [    0.359505] ohci-pci: OHCI PCI platform driver
Nov 22 17:38:55 NativeCode kernel: [    0.359508] ohci-platform: OHCI generic platform driver
Nov 22 17:38:55 NativeCode kernel: [    0.359511] uhci_hcd: USB Universal Host Controller Interface driver
Nov 22 17:38:55 NativeCode kernel: [    0.359537] i8042: PNP: PS/2 Controller [PNP0303:PS2K,PNP0f13:PS2M] at 0x60,0x64 irq 1,12
Nov 22 17:38:55 NativeCode kernel: [    0.360027] i8042: Warning: Keylock active
Nov 22 17:38:55 NativeCode kernel: [    0.363512] serio: i8042 KBD port at 0x60,0x64 irq 1
Nov 22 17:38:55 NativeCode kernel: [    0.363514] serio: i8042 AUX port at 0x60,0x64 irq 12
Nov 22 17:38:55 NativeCode kernel: [    0.363616] mousedev: PS/2 mouse device common for all mice
Nov 22 17:38:55 NativeCode kernel: [    0.363975] rtc_cmos 00:01: RTC can wake from S4
Nov 22 17:38:55 NativeCode kernel: [    0.364649] rtc_cmos 00:01: registered as rtc0
Nov 22 17:38:55 NativeCode kernel: [    0.364786] rtc_cmos 00:01: setting system clock to 2022-11-22T15:38:52 UTC (1669131532)
Nov 22 17:38:55 NativeCode kernel: [    0.364794] rtc_cmos 00:01: alarms up to one month, y3k, 242 bytes nvram
Nov 22 17:38:55 NativeCode kernel: [    0.364798] i2c_dev: i2c /dev entries driver
Nov 22 17:38:55 NativeCode kernel: [    0.365493] input: AT Translated Set 2 keyboard as /devices/platform/i8042/serio0/input/input2
Nov 22 17:38:55 NativeCode kernel: [    0.365653] device-mapper: core: CONFIG_IMA_DISABLE_HTABLE is disabled. Duplicate IMA measurements will not be recorded in the IMA log.
Nov 22 17:38:55 NativeCode kernel: [    0.365686] device-mapper: uevent: version 1.0.3
Nov 22 17:38:55 NativeCode kernel: [    0.365716] device-mapper: ioctl: 4.45.0-ioctl (2021-03-22) initialised: dm-devel@redhat.com
Nov 22 17:38:55 NativeCode kernel: [    0.365735] platform eisa.0: Probing EISA bus 0
Nov 22 17:38:55 NativeCode kernel: [    0.365752] platform eisa.0: EISA: Cannot allocate resource for mainboard
Nov 22 17:38:55 NativeCode kernel: [    0.365753] platform eisa.0: Cannot allocate resource for EISA slot 1
Nov 22 17:38:55 NativeCode kernel: [    0.365754] platform eisa.0: Cannot allocate resource for EISA slot 2
Nov 22 17:38:55 NativeCode kernel: [    0.365755] platform eisa.0: Cannot allocate resource for EISA slot 3
Nov 22 17:38:55 NativeCode kernel: [    0.365755] platform eisa.0: Cannot allocate resource for EISA slot 4
Nov 22 17:38:55 NativeCode kernel: [    0.365759] platform eisa.0: Cannot allocate resource for EISA slot 5
Nov 22 17:38:55 NativeCode kernel: [    0.365760] platform eisa.0: Cannot allocate resource for EISA slot 6
Nov 22 17:38:55 NativeCode kernel: [    0.365761] platform eisa.0: Cannot allocate resource for EISA slot 7
Nov 22 17:38:55 NativeCode kernel: [    0.365761] platform eisa.0: Cannot allocate resource for EISA slot 8
Nov 22 17:38:55 NativeCode kernel: [    0.365762] platform eisa.0: EISA: Detected 0 cards
Nov 22 17:38:55 NativeCode kernel: [    0.365765] intel_pstate: Intel P-state driver initializing
Nov 22 17:38:55 NativeCode kernel: [    0.366294] intel_pstate: HWP enabled
Nov 22 17:38:55 NativeCode kernel: [    0.366514] ledtrig-cpu: registered to indicate activity on CPUs
Nov 22 17:38:55 NativeCode kernel: [    0.366528] efifb: probing for efifb
Nov 22 17:38:55 NativeCode kernel: [    0.366538] efifb: showing boot graphics
Nov 22 17:38:55 NativeCode kernel: [    0.370115] efifb: framebuffer at 0x4000000000, using 8100k, total 8100k
Nov 22 17:38:55 NativeCode kernel: [    0.370116] efifb: mode is 1920x1080x32, linelength=7680, pages=1
Nov 22 17:38:55 NativeCode kernel: [    0.370117] efifb: scrolling: redraw
Nov 22 17:38:55 NativeCode kernel: [    0.370117] efifb: Truecolor: size=8:8:8:8, shift=24:16:8:0
Nov 22 17:38:55 NativeCode kernel: [    0.370145] fbcon: Deferring console take-over
Nov 22 17:38:55 NativeCode kernel: [    0.370146] fb0: EFI VGA frame buffer device
Nov 22 17:38:55 NativeCode kernel: [    0.370149] EFI Variables Facility v0.08 2004-May-17
Nov 22 17:38:55 NativeCode kernel: [    0.372910] intel_pmc_core INT33A1:00:  initialized
Nov 22 17:38:55 NativeCode kernel: [    0.372956] drop_monitor: Initializing network drop monitor service
Nov 22 17:38:55 NativeCode kernel: [    0.373047] NET: Registered PF_INET6 protocol family
Nov 22 17:38:55 NativeCode kernel: [    0.386606] ACPI: battery: Slot [BAT0] (battery present)
Nov 22 17:38:55 NativeCode kernel: [    0.555445] Freeing initrd memory: 61832K
Nov 22 17:38:55 NativeCode kernel: [    0.560433] Segment Routing with IPv6
Nov 22 17:38:55 NativeCode kernel: [    0.560445] In-situ OAM (IOAM) with IPv6
Nov 22 17:38:55 NativeCode kernel: [    0.560463] NET: Registered PF_PACKET protocol family
Nov 22 17:38:55 NativeCode kernel: [    0.560596] Key type dns_resolver registered
Nov 22 17:38:55 NativeCode kernel: [    0.561938] microcode: sig=0x806c1, pf=0x80, revision=0xa4
Nov 22 17:38:55 NativeCode kernel: [    0.562252] microcode: Microcode Update Driver: v2.2.
Nov 22 17:38:55 NativeCode kernel: [    0.562335] resctrl: L2 allocation detected
Nov 22 17:38:55 NativeCode kernel: [    0.562339] IPI shorthand broadcast: enabled
Nov 22 17:38:55 NativeCode kernel: [    0.562344] sched_clock: Marking stable (555856740, 6470757)->(582499293, -20171796)
Nov 22 17:38:55 NativeCode kernel: [    0.562493] registered taskstats version 1
Nov 22 17:38:55 NativeCode kernel: [    0.562627] Loading compiled-in X.509 certificates
Nov 22 17:38:55 NativeCode kernel: [    0.563173] Loaded X.509 cert 'Build time autogenerated kernel key: f4250c069446d374e20697dfdb8caf1b5de3eae8'
Nov 22 17:38:55 NativeCode kernel: [    0.563579] Loaded X.509 cert 'Canonical Ltd. Live Patch Signing: 14df34d1a87cf37625abec039ef2bf521249b969'
Nov 22 17:38:55 NativeCode kernel: [    0.563950] Loaded X.509 cert 'Canonical Ltd. Kernel Module Signing: 88f752e560a1e0737e31163a466ad7b70a850c19'
Nov 22 17:38:55 NativeCode kernel: [    0.563950] blacklist: Loading compiled-in revocation X.509 certificates
Nov 22 17:38:55 NativeCode kernel: [    0.563960] Loaded X.509 cert 'Canonical Ltd. Secure Boot Signing: 61482aa2830d0ab2ad5af10b7250da9033ddcef0'
Nov 22 17:38:55 NativeCode kernel: [    0.564124] zswap: loaded using pool lzo/zbud
Nov 22 17:38:55 NativeCode kernel: [    0.564506] Key type ._fscrypt registered
Nov 22 17:38:55 NativeCode kernel: [    0.564507] Key type .fscrypt registered
Nov 22 17:38:55 NativeCode kernel: [    0.564508] Key type fscrypt-provisioning registered
Nov 22 17:38:55 NativeCode kernel: [    0.564699] Key type trusted registered
Nov 22 17:38:55 NativeCode kernel: [    0.566129] Key type encrypted registered
Nov 22 17:38:55 NativeCode kernel: [    0.566132] AppArmor: AppArmor sha1 policy hashing enabled
Nov 22 17:38:55 NativeCode kernel: [    0.566181] integrity: Loading X.509 certificate: UEFI:db
Nov 22 17:38:55 NativeCode kernel: [    0.566194] integrity: Loaded X.509 cert 'Dell Inc.: Dell Bios DB Key: 637fa7a9f74471b406de0511557071fd41dd5487'
Nov 22 17:38:55 NativeCode kernel: [    0.566195] integrity: Loading X.509 certificate: UEFI:db
Nov 22 17:38:55 NativeCode kernel: [    0.566204] integrity: Loaded X.509 cert 'Dell Inc.: Dell Bios FW Aux Authority 2018: dd4df7c3f5ce7e5a77847915abc37b031f6b10bd'
Nov 22 17:38:55 NativeCode kernel: [    0.566204] integrity: Loading X.509 certificate: UEFI:db
Nov 22 17:38:55 NativeCode kernel: [    0.566218] integrity: Loaded X.509 cert 'Microsoft Windows Production PCA 2011: a92902398e16c49778cd90f99e4f9ae17c55af53'
Nov 22 17:38:55 NativeCode kernel: [    0.566218] integrity: Loading X.509 certificate: UEFI:db
Nov 22 17:38:55 NativeCode kernel: [    0.566229] integrity: Loaded X.509 cert 'Microsoft Corporation UEFI CA 2011: 13adbf4309bd82709c8cd54f316ed522988a1bd4'
Nov 22 17:38:55 NativeCode kernel: [    0.566242] integrity: Revoking X.509 certificate: UEFI:dbx
Nov 22 17:38:55 NativeCode kernel: [    0.566252] blacklist: Revoked X.509 cert 'Microsoft Windows PCA 2010: d14fa98a0708cef4241898e500fff3d6791d37bc'
Nov 22 17:38:55 NativeCode kernel: [    0.566367] integrity: Loading X.509 certificate: UEFI:MokListRT (MOKvar table)
Nov 22 17:38:55 NativeCode kernel: [    0.566534] integrity: Loaded X.509 cert 'Canonical Ltd. Master Certificate Authority: ad91990bc22ab1f517048c23b6655a268e345a63'
Nov 22 17:38:55 NativeCode kernel: [    0.566538] Loading compiled-in module X.509 certificates
Nov 22 17:38:55 NativeCode kernel: [    0.566954] Loaded X.509 cert 'Build time autogenerated kernel key: f4250c069446d374e20697dfdb8caf1b5de3eae8'
Nov 22 17:38:55 NativeCode kernel: [    0.566955] ima: Allocated hash algorithm: sha1
Nov 22 17:38:55 NativeCode kernel: [    0.599652] ima: No architecture policies found
Nov 22 17:38:55 NativeCode kernel: [    0.599666] evm: Initialising EVM extended attributes:
Nov 22 17:38:55 NativeCode kernel: [    0.599667] evm: security.selinux
Nov 22 17:38:55 NativeCode kernel: [    0.599668] evm: security.SMACK64
Nov 22 17:38:55 NativeCode kernel: [    0.599669] evm: security.SMACK64EXEC
Nov 22 17:38:55 NativeCode kernel: [    0.599670] evm: security.SMACK64TRANSMUTE
Nov 22 17:38:55 NativeCode kernel: [    0.599671] evm: security.SMACK64MMAP
Nov 22 17:38:55 NativeCode kernel: [    0.599671] evm: security.apparmor
Nov 22 17:38:55 NativeCode kernel: [    0.599672] evm: security.ima
Nov 22 17:38:55 NativeCode kernel: [    0.599673] evm: security.capability
Nov 22 17:38:55 NativeCode kernel: [    0.599674] evm: HMAC attrs: 0x1
Nov 22 17:38:55 NativeCode kernel: [    0.600103] PM:   Magic number: 14:855:639
Nov 22 17:38:55 NativeCode kernel: [    0.600166] acpi MCHP1930:02: hash matches
Nov 22 17:38:55 NativeCode kernel: [    0.600362] RAS: Correctable Errors collector initialized.
Nov 22 17:38:55 NativeCode kernel: [    0.600367] Lockdown: swapper/0: hibernation is restricted; see man kernel_lockdown.7
Nov 22 17:38:55 NativeCode kernel: [    0.609720] Freeing unused decrypted memory: 2036K
Nov 22 17:38:55 NativeCode kernel: [    0.610514] Freeing unused kernel image (initmem) memory: 3228K
Nov 22 17:38:55 NativeCode kernel: [    0.627570] Write protecting the kernel read-only data: 30720k
Nov 22 17:38:55 NativeCode kernel: [    0.628388] Freeing unused kernel image (text/rodata gap) memory: 2036K
Nov 22 17:38:55 NativeCode kernel: [    0.628806] Freeing unused kernel image (rodata/data gap) memory: 1476K
Nov 22 17:38:55 NativeCode kernel: [    0.644562] x86/mm: Checked W+X mappings: passed, no W+X pages found.
Nov 22 17:38:55 NativeCode kernel: [    0.644567] Run /init as init process
Nov 22 17:38:55 NativeCode kernel: [    0.644568]   with arguments:
Nov 22 17:38:55 NativeCode kernel: [    0.644569]     /init
Nov 22 17:38:55 NativeCode kernel: [    0.644570]     splash
Nov 22 17:38:55 NativeCode kernel: [    0.644570]   with environment:
Nov 22 17:38:55 NativeCode kernel: [    0.644571]     HOME=/
Nov 22 17:38:55 NativeCode kernel: [    0.644571]     TERM=linux
Nov 22 17:38:55 NativeCode kernel: [    0.644572]     BOOT_IMAGE=/boot/vmlinuz-5.15.0-52-generic
Nov 22 17:38:55 NativeCode kernel: [    0.716814] wmi_bus wmi_bus-PNP0C14:00: WQ data block query control method not found
Nov 22 17:38:55 NativeCode kernel: [    0.716817] wmi_bus wmi_bus-PNP0C14:00: WQ data block query control method not found
Nov 22 17:38:55 NativeCode kernel: [    0.716819] wmi_bus wmi_bus-PNP0C14:00: WQ data block query control method not found
Nov 22 17:38:55 NativeCode kernel: [    0.716819] wmi_bus wmi_bus-PNP0C14:00: WQ data block query control method not found
Nov 22 17:38:55 NativeCode kernel: [    0.716834] hid: raw HID events driver (C) Jiri Kosina
Nov 22 17:38:55 NativeCode kernel: [    0.722940] acpi PNP0C14:02: duplicate WMI GUID 05901221-D566-11D1-B2F0-00A0C9062910 (first instance was on PNP0C14:01)
Nov 22 17:38:55 NativeCode kernel: [    0.723031] wmi_bus wmi_bus-PNP0C14:03: WQBC data block query control method not found
Nov 22 17:38:55 NativeCode kernel: [    0.723033] acpi PNP0C14:03: duplicate WMI GUID 05901221-D566-11D1-B2F0-00A0C9062910 (first instance was on PNP0C14:01)
Nov 22 17:38:55 NativeCode kernel: [    0.724818] xhci_hcd 0000:00:14.0: xHCI Host Controller
Nov 22 17:38:55 NativeCode kernel: [    0.724824] xhci_hcd 0000:00:14.0: new USB bus registered, assigned bus number 1
Nov 22 17:38:55 NativeCode kernel: [    0.725916] xhci_hcd 0000:00:14.0: hcc params 0x20007fc1 hci version 0x120 quirks 0x0000000000009810
Nov 22 17:38:55 NativeCode kernel: [    0.726210] intel-pmt 0000:00:0a.0: Watcher not supported
Nov 22 17:38:55 NativeCode kernel: [    0.726214] intel-pmt 0000:00:0a.0: Crashlog not supported
Nov 22 17:38:55 NativeCode kernel: [    0.726286] xhci_hcd 0000:00:14.0: xHCI Host Controller
Nov 22 17:38:55 NativeCode kernel: [    0.726290] xhci_hcd 0000:00:14.0: new USB bus registered, assigned bus number 2
Nov 22 17:38:55 NativeCode kernel: [    0.726294] xhci_hcd 0000:00:14.0: Host supports USB 3.1 Enhanced SuperSpeed
Nov 22 17:38:55 NativeCode kernel: [    0.726341] usb usb1: New USB device found, idVendor=1d6b, idProduct=0002, bcdDevice= 5.15
Nov 22 17:38:55 NativeCode kernel: [    0.726344] usb usb1: New USB device strings: Mfr=3, Product=2, SerialNumber=1
Nov 22 17:38:55 NativeCode kernel: [    0.726345] usb usb1: Product: xHCI Host Controller
Nov 22 17:38:55 NativeCode kernel: [    0.726347] usb usb1: Manufacturer: Linux 5.15.0-52-generic xhci-hcd
Nov 22 17:38:55 NativeCode kernel: [    0.726348] usb usb1: SerialNumber: 0000:00:14.0
Nov 22 17:38:55 NativeCode kernel: [    0.726523] hub 1-0:1.0: USB hub found
Nov 22 17:38:55 NativeCode kernel: [    0.726546] hub 1-0:1.0: 12 ports detected
Nov 22 17:38:55 NativeCode kernel: [    0.727022] i801_smbus 0000:00:1f.4: enabling device (0000 -> 0003)
Nov 22 17:38:55 NativeCode kernel: [    0.727256] acpi PNP0C14:04: duplicate WMI GUID 05901221-D566-11D1-B2F0-00A0C9062910 (first instance was on PNP0C14:01)
Nov 22 17:38:55 NativeCode kernel: [    0.727324] i801_smbus 0000:00:1f.4: SPD Write Disable is set
Nov 22 17:38:55 NativeCode kernel: [    0.727477] i801_smbus 0000:00:1f.4: SMBus using PCI interrupt
Nov 22 17:38:55 NativeCode kernel: [    0.730651] ahci 0000:00:17.0: version 3.0
Nov 22 17:38:55 NativeCode kernel: [    0.731142] nvme nvme0: pci function 0000:02:00.0
Nov 22 17:38:55 NativeCode kernel: [    0.734147] ahci 0000:00:17.0: AHCI 0001.0301 32 slots 2 ports 6 Gbps 0x3 impl SATA mode
Nov 22 17:38:55 NativeCode kernel: [    0.734151] ahci 0000:00:17.0: flags: 64bit ncq sntf pm clo only pio slum part deso sadm sds 
Nov 22 17:38:55 NativeCode kernel: [    0.739057] usb usb2: New USB device found, idVendor=1d6b, idProduct=0003, bcdDevice= 5.15
Nov 22 17:38:55 NativeCode kernel: [    0.739059] usb usb2: New USB device strings: Mfr=3, Product=2, SerialNumber=1
Nov 22 17:38:55 NativeCode kernel: [    0.739060] usb usb2: Product: xHCI Host Controller
Nov 22 17:38:55 NativeCode kernel: [    0.739061] usb usb2: Manufacturer: Linux 5.15.0-52-generic xhci-hcd
Nov 22 17:38:55 NativeCode kernel: [    0.739063] usb usb2: SerialNumber: 0000:00:14.0
Nov 22 17:38:55 NativeCode kernel: [    0.739439] hub 2-0:1.0: USB hub found
Nov 22 17:38:55 NativeCode kernel: [    0.739487] hub 2-0:1.0: 4 ports detected
Nov 22 17:38:55 NativeCode kernel: [    0.741930] usb: port power management may be unreliable
Nov 22 17:38:55 NativeCode kernel: [    0.742223] scsi host0: ahci
Nov 22 17:38:55 NativeCode kernel: [    0.742383] scsi host1: ahci
Nov 22 17:38:55 NativeCode kernel: [    0.742420] ata1: SATA max UDMA/133 abar m2048@0x72283000 port 0x72283100 irq 127
Nov 22 17:38:55 NativeCode kernel: [    0.742423] ata2: SATA max UDMA/133 abar m2048@0x72283000 port 0x72283180 irq 127
Nov 22 17:38:55 NativeCode kernel: [    0.742787] acpi PNP0C14:05: duplicate WMI GUID 05901221-D566-11D1-B2F0-00A0C9062910 (first instance was on PNP0C14:01)
Nov 22 17:38:55 NativeCode kernel: [    0.743275] acpi PNP0C14:06: duplicate WMI GUID 05901221-D566-11D1-B2F0-00A0C9062910 (first instance was on PNP0C14:01)
Nov 22 17:38:55 NativeCode kernel: [    0.743422] intel-lpss 0000:00:15.0: enabling device (0000 -> 0002)
Nov 22 17:38:55 NativeCode kernel: [    0.744037] idma64 idma64.0: Found Intel integrated DMA 64-bit
Nov 22 17:38:55 NativeCode kernel: [    0.745126] acpi PNP0C14:07: duplicate WMI GUID 05901221-D566-11D1-B2F0-00A0C9062910 (first instance was on PNP0C14:01)
Nov 22 17:38:55 NativeCode kernel: [    0.772757] i2c i2c-0: 2/2 memory slots populated (from DMI)
Nov 22 17:38:55 NativeCode kernel: [    0.773180] i2c i2c-0: Successfully instantiated SPD at 0x50
Nov 22 17:38:55 NativeCode kernel: [    0.791465] intel-lpss 0000:00:15.1: enabling device (0000 -> 0002)
Nov 22 17:38:55 NativeCode kernel: [    0.791695] idma64 idma64.1: Found Intel integrated DMA 64-bit
Nov 22 17:38:55 NativeCode kernel: [    0.808365] nvme nvme0: 8/0/0 default/read/poll queues
Nov 22 17:38:55 NativeCode kernel: [    0.814778]  nvme0n1: p1 p2 p3 p4
Nov 22 17:38:55 NativeCode kernel: [    0.960604] input: DELL0A24:00 06CB:CDD6 Mouse as /devices/pci0000:00/0000:00:15.1/i2c_designware.1/i2c-2/i2c-DELL0A24:00/0018:06CB:CDD6.0001/input/input5
Nov 22 17:38:55 NativeCode kernel: [    0.960700] input: DELL0A24:00 06CB:CDD6 Touchpad as /devices/pci0000:00/0000:00:15.1/i2c_designware.1/i2c-2/i2c-DELL0A24:00/0018:06CB:CDD6.0001/input/input6
Nov 22 17:38:55 NativeCode kernel: [    0.960749] hid-generic 0018:06CB:CDD6.0001: input,hidraw0: I2C HID v1.00 Mouse [DELL0A24:00 06CB:CDD6] on i2c-DELL0A24:00
Nov 22 17:38:55 NativeCode kernel: [    1.058777] ata2: SATA link down (SStatus 4 SControl 300)
Nov 22 17:38:55 NativeCode kernel: [    1.058842] ata1: SATA link up 6.0 Gbps (SStatus 133 SControl 300)
Nov 22 17:38:55 NativeCode kernel: [    1.075535] usb 1-3: new full-speed USB device number 2 using xhci_hcd
Nov 22 17:38:55 NativeCode kernel: [    1.089485] ata1.00: ATA-10: ST1000LM035-1RK172, 1002, max UDMA/133
Nov 22 17:38:55 NativeCode kernel: [    1.177332] ata1.00: 1953525168 sectors, multi 16: LBA48 NCQ (depth 32), AA
Nov 22 17:38:55 NativeCode kernel: [    1.226398] usb 1-3: New USB device found, idVendor=1ea7, idProduct=0064, bcdDevice= 2.00
Nov 22 17:38:55 NativeCode kernel: [    1.226407] usb 1-3: New USB device strings: Mfr=0, Product=1, SerialNumber=0
Nov 22 17:38:55 NativeCode kernel: [    1.226410] usb 1-3: Product: 2.4G Mouse
Nov 22 17:38:55 NativeCode kernel: [    1.226554] ata1.00: configured for UDMA/133
Nov 22 17:38:55 NativeCode kernel: [    1.226873] scsi 0:0:0:0: Direct-Access     ATA      ST1000LM035-1RK1 1002 PQ: 0 ANSI: 5
Nov 22 17:38:55 NativeCode kernel: [    1.227302] sd 0:0:0:0: Attached scsi generic sg0 type 0
Nov 22 17:38:55 NativeCode kernel: [    1.227623] sd 0:0:0:0: [sda] 1953525168 512-byte logical blocks: (1.00 TB/932 GiB)
Nov 22 17:38:55 NativeCode kernel: [    1.227629] sd 0:0:0:0: [sda] 4096-byte physical blocks
Nov 22 17:38:55 NativeCode kernel: [    1.227669] sd 0:0:0:0: [sda] Write Protect is off
Nov 22 17:38:55 NativeCode kernel: [    1.227675] sd 0:0:0:0: [sda] Mode Sense: 00 3a 00 00
Nov 22 17:38:55 NativeCode kernel: [    1.227710] sd 0:0:0:0: [sda] Write cache: enabled, read cache: enabled, doesn't support DPO or FUA
Nov 22 17:38:55 NativeCode kernel: [    1.267814]  sda:
Nov 22 17:38:55 NativeCode kernel: [    1.296006] sd 0:0:0:0: [sda] Attached SCSI disk
Nov 22 17:38:55 NativeCode kernel: [    1.318487] r8169 0000:03:00.0 eth0: RTL8168h/8111h, 60:18:95:3e:ee:ce, XID 541, IRQ 137
Nov 22 17:38:55 NativeCode kernel: [    1.318495] r8169 0000:03:00.0 eth0: jumbo features [frames: 9194 bytes, tx checksumming: ko]
Nov 22 17:38:55 NativeCode kernel: [    1.320121] r8169 0000:03:00.0 enp3s0: renamed from eth0
Nov 22 17:38:55 NativeCode kernel: [    1.359545] usb 1-6: new high-speed USB device number 3 using xhci_hcd
Nov 22 17:38:55 NativeCode kernel: [    1.471074] input: PS/2 Generic Mouse as /devices/platform/i8042/serio1/input/input4
Nov 22 17:38:55 NativeCode kernel: [    1.526312] usb 1-6: New USB device found, idVendor=1bcf, idProduct=2b98, bcdDevice=83.30
Nov 22 17:38:55 NativeCode kernel: [    1.526321] usb 1-6: New USB device strings: Mfr=1, Product=2, SerialNumber=0
Nov 22 17:38:55 NativeCode kernel: [    1.526324] usb 1-6: Product: Integrated_Webcam_HD
Nov 22 17:38:55 NativeCode kernel: [    1.526327] usb 1-6: Manufacturer: CNFHH47R1464206F2F90
Nov 22 17:38:55 NativeCode kernel: [    1.655452] usb 1-10: new full-speed USB device number 4 using xhci_hcd
Nov 22 17:38:55 NativeCode kernel: [    1.805026] usb 1-10: New USB device found, idVendor=8087, idProduct=0aaa, bcdDevice= 0.02
Nov 22 17:38:55 NativeCode kernel: [    1.805035] usb 1-10: New USB device strings: Mfr=0, Product=0, SerialNumber=0
Nov 22 17:38:55 NativeCode kernel: [    1.826548] input: 2.4G Mouse as /devices/pci0000:00/0000:00:14.0/usb1/1-3/1-3:1.0/0003:1EA7:0064.0002/input/input8
Nov 22 17:38:55 NativeCode kernel: [    1.826669] input: 2.4G Mouse as /devices/pci0000:00/0000:00:14.0/usb1/1-3/1-3:1.0/0003:1EA7:0064.0002/input/input9
Nov 22 17:38:55 NativeCode kernel: [    1.826828] hid-generic 0003:1EA7:0064.0002: input,hiddev0,hidraw1: USB HID v1.10 Mouse [2.4G Mouse] on usb-0000:00:14.0-3/input0
Nov 22 17:38:55 NativeCode kernel: [    1.826878] usbcore: registered new interface driver usbhid
Nov 22 17:38:55 NativeCode kernel: [    1.826880] usbhid: USB HID core driver
Nov 22 17:38:55 NativeCode kernel: [    1.889004] fbcon: Taking over console
Nov 22 17:38:55 NativeCode kernel: [    1.889106] Console: switching to colour frame buffer device 240x67
Nov 22 17:38:55 NativeCode kernel: [    1.902396] EXT4-fs (nvme0n1p4): mounted filesystem with ordered data mode. Opts: (null). Quota mode: none.
Nov 22 17:38:55 NativeCode kernel: [    2.037587] Lockdown: systemd: /dev/mem,kmem,port is restricted; see man kernel_lockdown.7
Nov 22 17:38:55 NativeCode kernel: [    2.155221] pstore: Using crash dump compression: deflate
Nov 22 17:38:55 NativeCode kernel: [    2.155237] pstore: Registered efi as persistent store backend
Nov 22 17:38:55 NativeCode kernel: [    2.157885] EXT4-fs (nvme0n1p4): re-mounted. Opts: errors=remount-ro. Quota mode: none.
Nov 22 17:38:55 NativeCode kernel: [    2.161787] lp: driver loaded but no devices found
Nov 22 17:38:55 NativeCode kernel: [    2.164487] Adding 2097148k swap on /swapfile.  Priority:-2 extents:6 across:2260988k SSFS
Nov 22 17:38:55 NativeCode kernel: [    2.164529] ppdev: user-space parallel port driver
Nov 22 17:38:55 NativeCode kernel: [    2.174630] IPMI message handler: version 39.2
Nov 22 17:38:55 NativeCode kernel: [    2.176040] ipmi device interface
Nov 22 17:38:55 NativeCode kernel: [    2.188997] loop0: detected capacity change from 0 to 8
Nov 22 17:38:55 NativeCode kernel: [    2.189249] loop1: detected capacity change from 0 to 235368
Nov 22 17:38:55 NativeCode kernel: [    2.189831] loop2: detected capacity change from 0 to 235496
Nov 22 17:38:55 NativeCode kernel: [    2.190882] loop3: detected capacity change from 0 to 113832
Nov 22 17:38:55 NativeCode kernel: [    2.191405] loop4: detected capacity change from 0 to 113832
Nov 22 17:38:55 NativeCode kernel: [    2.193346] loop5: detected capacity change from 0 to 129424
Nov 22 17:38:55 NativeCode kernel: [    2.194149] loop6: detected capacity change from 0 to 129520
Nov 22 17:38:55 NativeCode kernel: [    2.195409] loop7: detected capacity change from 0 to 112840
Nov 22 17:38:55 NativeCode kernel: [    2.196103] loop8: detected capacity change from 0 to 112848
Nov 22 17:38:55 NativeCode kernel: [    2.199012] loop9: detected capacity change from 0 to 417120
Nov 22 17:38:55 NativeCode kernel: [    2.199650] loop10: detected capacity change from 0 to 486528
Nov 22 17:38:55 NativeCode kernel: [    2.200609] loop11: detected capacity change from 0 to 337424
Nov 22 17:38:55 NativeCode kernel: [    2.201895] loop12: detected capacity change from 0 to 709216
Nov 22 17:38:55 NativeCode kernel: [    2.202589] loop13: detected capacity change from 0 to 709280
Nov 22 17:38:55 NativeCode kernel: [    2.203905] loop14: detected capacity change from 0 to 166424
Nov 22 17:38:55 NativeCode kernel: [    2.204510] loop15: detected capacity change from 0 to 187776
Nov 22 17:38:55 NativeCode kernel: [    2.206097] loop16: detected capacity change from 0 to 75960
Nov 22 17:38:55 NativeCode kernel: [    2.206684] loop17: detected capacity change from 0 to 1500384
Nov 22 17:38:55 NativeCode kernel: [    2.207493] loop18: detected capacity change from 0 to 1242944
Nov 22 17:38:55 NativeCode kernel: [    2.208566] loop19: detected capacity change from 0 to 384160
Nov 22 17:38:55 NativeCode kernel: [    2.209463] loop20: detected capacity change from 0 to 385728
Nov 22 17:38:55 NativeCode kernel: [    2.211368] loop21: detected capacity change from 0 to 94056
Nov 22 17:38:55 NativeCode kernel: [    2.212319] loop22: detected capacity change from 0 to 94056
Nov 22 17:38:55 NativeCode kernel: [    2.213774] loop23: detected capacity change from 0 to 561048
Nov 22 17:38:55 NativeCode kernel: [    2.214492] loop24: detected capacity change from 0 to 133416
Nov 22 17:38:55 NativeCode kernel: [    2.215365] loop25: detected capacity change from 0 to 133424
Nov 22 17:38:55 NativeCode kernel: [    2.216365] loop26: detected capacity change from 0 to 605624
Nov 22 17:38:55 NativeCode kernel: [    2.220581] loop27: detected capacity change from 0 to 656256
Nov 22 17:38:55 NativeCode kernel: [    2.347605] input: Intel HID events as /devices/platform/INTC1051:00/input/input10
Nov 22 17:38:55 NativeCode kernel: [    2.352847] intel-hid INTC1051:00: platform supports 5 button array
Nov 22 17:38:55 NativeCode kernel: [    2.352956] input: Intel HID 5 button array as /devices/platform/INTC1051:00/input/input11
Nov 22 17:38:55 NativeCode kernel: [    2.405357] EDAC igen6: v2.5
Nov 22 17:38:55 NativeCode kernel: [    2.452538] mei_me 0000:00:16.0: enabling device (0000 -> 0002)
Nov 22 17:38:55 NativeCode kernel: [    2.452653] cfg80211: Loading compiled-in X.509 certificates for regulatory database
Nov 22 17:38:55 NativeCode kernel: [    2.452885] cfg80211: Loaded X.509 cert 'sforshee: 00b28ddf47aef9cea7'
Nov 22 17:38:55 NativeCode kernel: [    2.454027] mc: Linux media interface: v0.10
Nov 22 17:38:55 NativeCode kernel: [    2.454699] ee1004 0-0050: 512 byte EE1004-compliant SPD EEPROM, read-only
Nov 22 17:38:55 NativeCode kernel: [    2.471640] proc_thermal 0000:00:04.0: enabling device (0000 -> 0002)
Nov 22 17:38:55 NativeCode kernel: [    2.471932] dcdbas dcdbas: Dell Systems Management Base Driver (version 5.6.0-3.4)
Nov 22 17:38:55 NativeCode kernel: [    2.488224] intel_rapl_common: Found RAPL domain package
Nov 22 17:38:55 NativeCode kernel: [    2.522469] cryptd: max_cpu_qlen set to 1000
Nov 22 17:38:55 NativeCode kernel: [    2.528272] AVX2 version of gcm_enc/dec engaged.
Nov 22 17:38:55 NativeCode kernel: [    2.528304] AES CTR mode by8 optimization enabled
Nov 22 17:38:55 NativeCode kernel: [    2.537556] videodev: Linux video capture interface: v2.00
Nov 22 17:38:55 NativeCode kernel: [    2.538043] Intel(R) Wireless WiFi driver for Linux
Nov 22 17:38:55 NativeCode kernel: [    2.540900] iwlwifi 0000:00:14.3: enabling device (0000 -> 0002)
Nov 22 17:38:55 NativeCode kernel: [    2.541013] Bluetooth: Core ver 2.22
Nov 22 17:38:55 NativeCode kernel: [    2.541028] NET: Registered PF_BLUETOOTH protocol family
Nov 22 17:38:55 NativeCode kernel: [    2.541029] Bluetooth: HCI device and connection manager initialized
Nov 22 17:38:55 NativeCode kernel: [    2.541032] Bluetooth: HCI socket layer initialized
Nov 22 17:38:55 NativeCode kernel: [    2.541035] Bluetooth: L2CAP socket layer initialized
Nov 22 17:38:55 NativeCode kernel: [    2.541038] Bluetooth: SCO socket layer initialized
Nov 22 17:38:55 NativeCode kernel: [    2.554761] input: Dell WMI hotkeys as /devices/platform/PNP0C14:03/wmi_bus/wmi_bus-PNP0C14:03/9DBB5994-A997-11DA-B012-B622A1EF5492/input/input12
Nov 22 17:38:55 NativeCode kernel: [    2.578868] iwlwifi 0000:00:14.3: api flags index 2 larger than supported by driver
Nov 22 17:38:55 NativeCode kernel: [    2.578884] iwlwifi 0000:00:14.3: TLV_FW_FSEQ_VERSION: FSEQ Version: 89.3.35.37
Nov 22 17:38:55 NativeCode kernel: [    2.579118] iwlwifi 0000:00:14.3: loaded firmware version 66.f1c864e0.0 QuZ-a0-jf-b0-66.ucode op_mode iwlmvm
Nov 22 17:38:55 NativeCode kernel: [    2.598805] usb 1-6: Found UVC 1.00 device Integrated_Webcam_HD (1bcf:2b98)
Nov 22 17:38:55 NativeCode kernel: [    2.626744] input: Integrated_Webcam_HD: Integrate as /devices/pci0000:00/0000:00:14.0/usb1/1-6/1-6:1.0/input/input13
Nov 22 17:38:55 NativeCode kernel: [    2.632140] usbcore: registered new interface driver btusb
Nov 22 17:38:55 NativeCode kernel: [    2.636002] Bluetooth: hci0: Bootloader revision 0.0 build 0 week 30 2018
Nov 22 17:38:55 NativeCode kernel: [    2.636998] Bluetooth: hci0: Device revision is 2
Nov 22 17:38:55 NativeCode kernel: [    2.637000] Bluetooth: hci0: Secure boot is enabled
Nov 22 17:38:55 NativeCode kernel: [    2.637001] Bluetooth: hci0: OTP lock is enabled
Nov 22 17:38:55 NativeCode kernel: [    2.637002] Bluetooth: hci0: API lock is enabled
Nov 22 17:38:55 NativeCode kernel: [    2.637002] Bluetooth: hci0: Debug lock is disabled
Nov 22 17:38:55 NativeCode kernel: [    2.637003] Bluetooth: hci0: Minimum firmware build 1 week 10 2014
Nov 22 17:38:55 NativeCode kernel: [    2.639392] Bluetooth: hci0: Found device firmware: intel/ibt-19-0-0.sfi
Nov 22 17:38:55 NativeCode kernel: [    2.661984] audit: type=1400 audit(1669131534.792:2): apparmor="STATUS" operation="profile_load" profile="unconfined" name="libreoffice-oosplash" pid=644 comm="apparmor_parser"
Nov 22 17:38:55 NativeCode kernel: [    2.662099] audit: type=1400 audit(1669131534.792:3): apparmor="STATUS" operation="profile_load" profile="unconfined" name="/usr/bin/man" pid=642 comm="apparmor_parser"
Nov 22 17:38:55 NativeCode kernel: [    2.662103] audit: type=1400 audit(1669131534.792:4): apparmor="STATUS" operation="profile_load" profile="unconfined" name="man_filter" pid=642 comm="apparmor_parser"
Nov 22 17:38:55 NativeCode kernel: [    2.662106] audit: type=1400 audit(1669131534.792:5): apparmor="STATUS" operation="profile_load" profile="unconfined" name="man_groff" pid=642 comm="apparmor_parser"
Nov 22 17:38:55 NativeCode kernel: [    2.664290] audit: type=1400 audit(1669131534.796:6): apparmor="STATUS" operation="profile_load" profile="unconfined" name="libreoffice-senddoc" pid=645 comm="apparmor_parser"
Nov 22 17:38:55 NativeCode kernel: [    2.665587] audit: type=1400 audit(1669131534.796:7): apparmor="STATUS" operation="profile_load" profile="unconfined" name="nvidia_modprobe" pid=639 comm="apparmor_parser"
Nov 22 17:38:55 NativeCode kernel: [    2.665591] audit: type=1400 audit(1669131534.796:8): apparmor="STATUS" operation="profile_load" profile="unconfined" name="nvidia_modprobe//kmod" pid=639 comm="apparmor_parser"
Nov 22 17:38:55 NativeCode kernel: [    2.666977] audit: type=1400 audit(1669131534.796:9): apparmor="STATUS" operation="profile_load" profile="unconfined" name="/usr/lib/NetworkManager/nm-dhcp-client.action" pid=640 comm="apparmor_parser"
Nov 22 17:38:55 NativeCode kernel: [    2.666981] audit: type=1400 audit(1669131534.796:10): apparmor="STATUS" operation="profile_load" profile="unconfined" name="/usr/lib/NetworkManager/nm-dhcp-helper" pid=640 comm="apparmor_parser"
Nov 22 17:38:55 NativeCode kernel: [    2.677572] iwlwifi 0000:00:14.3: Detected Intel(R) Wireless-AC 9462, REV=0x354
Nov 22 17:38:55 NativeCode kernel: [    2.690023] thermal thermal_zone5: failed to read out thermal zone (-61)
Nov 22 17:38:55 NativeCode kernel: [    2.727476] snd_hda_intel 0000:00:1f.3: DSP detected with PCI class/subclass/prog-if info 0x040100
Nov 22 17:38:55 NativeCode kernel: [    2.727639] snd_hda_intel 0000:00:1f.3: Digital mics found on Skylake+ platform, using SOF driver
Nov 22 17:38:55 NativeCode kernel: [    2.747294] Console: switching to colour dummy device 80x25
Nov 22 17:38:55 NativeCode kernel: [    2.747381] i915 0000:00:02.0: vgaarb: deactivate vga console
Nov 22 17:38:55 NativeCode kernel: [    2.756599] intel_rapl_msr: PL4 support detected.
Nov 22 17:38:55 NativeCode kernel: [    2.777290] sof-audio-pci-intel-tgl 0000:00:1f.3: DSP detected with PCI class/subclass/prog-if info 0x040100
Nov 22 17:38:55 NativeCode kernel: [    2.777433] sof-audio-pci-intel-tgl 0000:00:1f.3: Digital mics found on Skylake+ platform, using SOF driver
Nov 22 17:38:55 NativeCode kernel: [    2.777445] sof-audio-pci-intel-tgl 0000:00:1f.3: enabling device (0000 -> 0002)
Nov 22 17:38:55 NativeCode kernel: [    2.777689] sof-audio-pci-intel-tgl 0000:00:1f.3: DSP detected with PCI class/subclass/prog-if 0x040100
Nov 22 17:38:55 NativeCode kernel: [    2.785523] i915 0000:00:02.0: vgaarb: changed VGA decodes: olddecodes=io+mem,decodes=io+mem:owns=io+mem
